{
    "Tiny dataset - inspect,preprocess,assemble,purge,polish,scaffold,curate": {
        "content": [
            99,
            [
                "01_read_inspection/dtol_search/7227_tol_info.json",
                "01_read_inspection/fastk/.Drosophila_melanogaster_dmel_2Mb.fasta_hifi_fk.ktab.1",
                "01_read_inspection/fastk/.Drosophila_melanogaster_dmel_2Mb.fasta_hifi_fk.ktab.10",
                "01_read_inspection/fastk/.Drosophila_melanogaster_dmel_2Mb.fasta_hifi_fk.ktab.2",
                "01_read_inspection/fastk/.Drosophila_melanogaster_dmel_2Mb.fasta_hifi_fk.ktab.3",
                "01_read_inspection/fastk/.Drosophila_melanogaster_dmel_2Mb.fasta_hifi_fk.ktab.4",
                "01_read_inspection/fastk/.Drosophila_melanogaster_dmel_2Mb.fasta_hifi_fk.ktab.5",
                "01_read_inspection/fastk/.Drosophila_melanogaster_dmel_2Mb.fasta_hifi_fk.ktab.6",
                "01_read_inspection/fastk/.Drosophila_melanogaster_dmel_2Mb.fasta_hifi_fk.ktab.7",
                "01_read_inspection/fastk/.Drosophila_melanogaster_dmel_2Mb.fasta_hifi_fk.ktab.8",
                "01_read_inspection/fastk/.Drosophila_melanogaster_dmel_2Mb.fasta_hifi_fk.ktab.9",
                "01_read_inspection/fastk/.Drosophila_melanogaster_dmel_2Mb_p1_1.fastp.fastq_hic_fk.ktab.1",
                "01_read_inspection/fastk/.Drosophila_melanogaster_dmel_2Mb_p1_1.fastp.fastq_hic_fk.ktab.10",
                "01_read_inspection/fastk/.Drosophila_melanogaster_dmel_2Mb_p1_1.fastp.fastq_hic_fk.ktab.2",
                "01_read_inspection/fastk/.Drosophila_melanogaster_dmel_2Mb_p1_1.fastp.fastq_hic_fk.ktab.3",
                "01_read_inspection/fastk/.Drosophila_melanogaster_dmel_2Mb_p1_1.fastp.fastq_hic_fk.ktab.4",
                "01_read_inspection/fastk/.Drosophila_melanogaster_dmel_2Mb_p1_1.fastp.fastq_hic_fk.ktab.5",
                "01_read_inspection/fastk/.Drosophila_melanogaster_dmel_2Mb_p1_1.fastp.fastq_hic_fk.ktab.6",
                "01_read_inspection/fastk/.Drosophila_melanogaster_dmel_2Mb_p1_1.fastp.fastq_hic_fk.ktab.7",
                "01_read_inspection/fastk/.Drosophila_melanogaster_dmel_2Mb_p1_1.fastp.fastq_hic_fk.ktab.8",
                "01_read_inspection/fastk/.Drosophila_melanogaster_dmel_2Mb_p1_1.fastp.fastq_hic_fk.ktab.9",
                "01_read_inspection/fastk/.Drosophila_melanogaster_dmel_2Mb_p2_1.fastp.fastq_hic_fk.ktab.1",
                "01_read_inspection/fastk/.Drosophila_melanogaster_dmel_2Mb_p2_1.fastp.fastq_hic_fk.ktab.10",
                "01_read_inspection/fastk/.Drosophila_melanogaster_dmel_2Mb_p2_1.fastp.fastq_hic_fk.ktab.2",
                "01_read_inspection/fastk/.Drosophila_melanogaster_dmel_2Mb_p2_1.fastp.fastq_hic_fk.ktab.3",
                "01_read_inspection/fastk/.Drosophila_melanogaster_dmel_2Mb_p2_1.fastp.fastq_hic_fk.ktab.4",
                "01_read_inspection/fastk/.Drosophila_melanogaster_dmel_2Mb_p2_1.fastp.fastq_hic_fk.ktab.5",
                "01_read_inspection/fastk/.Drosophila_melanogaster_dmel_2Mb_p2_1.fastp.fastq_hic_fk.ktab.6",
                "01_read_inspection/fastk/.Drosophila_melanogaster_dmel_2Mb_p2_1.fastp.fastq_hic_fk.ktab.7",
                "01_read_inspection/fastk/.Drosophila_melanogaster_dmel_2Mb_p2_1.fastp.fastq_hic_fk.ktab.8",
                "01_read_inspection/fastk/.Drosophila_melanogaster_dmel_2Mb_p2_1.fastp.fastq_hic_fk.ktab.9",
                "01_read_inspection/fastk/.Drosophila_melanogaster_merged_hic.ktab.1",
                "01_read_inspection/fastk/.Drosophila_melanogaster_merged_hic.ktab.10",
                "01_read_inspection/fastk/.Drosophila_melanogaster_merged_hic.ktab.2",
                "01_read_inspection/fastk/.Drosophila_melanogaster_merged_hic.ktab.3",
                "01_read_inspection/fastk/.Drosophila_melanogaster_merged_hic.ktab.4",
                "01_read_inspection/fastk/.Drosophila_melanogaster_merged_hic.ktab.5",
                "01_read_inspection/fastk/.Drosophila_melanogaster_merged_hic.ktab.6",
                "01_read_inspection/fastk/.Drosophila_melanogaster_merged_hic.ktab.7",
                "01_read_inspection/fastk/.Drosophila_melanogaster_merged_hic.ktab.8",
                "01_read_inspection/fastk/.Drosophila_melanogaster_merged_hic.ktab.9",
                "01_read_inspection/fastk/Drosophila_melanogaster_dmel_2Mb.fasta_hifi_fk.hist",
                "01_read_inspection/fastk/Drosophila_melanogaster_dmel_2Mb.fasta_hifi_fk.ktab",
                "01_read_inspection/fastk/Drosophila_melanogaster_dmel_2Mb_p1_1.fastp.fastq_hic_fk.hist",
                "01_read_inspection/fastk/Drosophila_melanogaster_dmel_2Mb_p1_1.fastp.fastq_hic_fk.ktab",
                "01_read_inspection/fastk/Drosophila_melanogaster_dmel_2Mb_p2_1.fastp.fastq_hic_fk.hist",
                "01_read_inspection/fastk/Drosophila_melanogaster_dmel_2Mb_p2_1.fastp.fastq_hic_fk.ktab",
                "01_read_inspection/fastk/Drosophila_melanogaster_merged_hic.hist",
                "01_read_inspection/fastk/Drosophila_melanogaster_merged_hic.ktab",
                "01_read_inspection/fastqc_hic/dmel_2Mb_p1_R1_1_fastqc.html",
                "01_read_inspection/fastqc_hic/dmel_2Mb_p1_R1_1_fastqc.zip",
                "01_read_inspection/fastqc_hic/dmel_2Mb_p1_R1_2_fastqc.html",
                "01_read_inspection/fastqc_hic/dmel_2Mb_p1_R1_2_fastqc.zip",
                "01_read_inspection/fastqc_hic/dmel_2Mb_p2_R1_1_fastqc.html",
                "01_read_inspection/fastqc_hic/dmel_2Mb_p2_R1_1_fastqc.zip",
                "01_read_inspection/fastqc_hic/dmel_2Mb_p2_R1_2_fastqc.html",
                "01_read_inspection/fastqc_hic/dmel_2Mb_p2_R1_2_fastqc.zip",
                "01_read_inspection/genescopefk/Drosophila_melanogaster_linear_plot.png",
                "01_read_inspection/genescopefk/Drosophila_melanogaster_log_plot.png",
                "01_read_inspection/genescopefk/Drosophila_melanogaster_model.txt",
                "01_read_inspection/genescopefk/Drosophila_melanogaster_summary.txt",
                "01_read_inspection/genescopefk/Drosophila_melanogaster_transformed_linear_plot.png",
                "01_read_inspection/genescopefk/Drosophila_melanogaster_transformed_log_plot.png",
                "01_read_inspection/kat_comp/Drosophila_melanogaster_katcomp.fi.png",
                "01_read_inspection/kat_comp/Drosophila_melanogaster_katcomp.ln.png",
                "01_read_inspection/kat_comp/Drosophila_melanogaster_katcomp.st.png",
                "01_read_inspection/katgc/Drosophila_melanogaster_katgc.fi.png",
                "01_read_inspection/katgc/Drosophila_melanogaster_katgc.ln.png",
                "01_read_inspection/katgc/Drosophila_melanogaster_katgc.st.png",
                "01_read_inspection/seqkit_hic_stats/dmel_2Mb_p1_R1_hic.tsv",
                "01_read_inspection/seqkit_hic_stats/dmel_2Mb_p2_R1_hic.tsv",
                "01_read_inspection/seqkit_hifi_stats/dmel_2Mb_hifi.tsv",
                "01_read_inspection/smudgeplot/Drosophila_melanogaster.sma",
                "01_read_inspection/smudgeplot/Drosophila_melanogaster.smu",
                "01_read_inspection/smudgeplot/Drosophila_melanogaster.smudge_report.tsv",
                "01_read_inspection/smudgeplot/Drosophila_melanogaster_centralities.png",
                "01_read_inspection/smudgeplot/Drosophila_melanogaster_centralities.txt",
                "01_read_inspection/smudgeplot/Drosophila_melanogaster_smudgeplot.png",
                "01_read_inspection/smudgeplot/Drosophila_melanogaster_smudgeplot_log10.png",
                "01_read_inspection/smudgeplot/Drosophila_melanogaster_smudgeplot_report.json",
                "02_read_preprocessing/hi-c_cram/dmel_2Mb_p1.cram",
                "02_read_preprocessing/hi-c_cram/dmel_2Mb_p1.cram.crai",
                "02_read_preprocessing/hi-c_cram/dmel_2Mb_p2.cram",
                "02_read_preprocessing/hi-c_cram/dmel_2Mb_p2.cram.crai",
                "03_assembly/busco/hifiasm-raw-default/hifiasm-raw-default-bacteria_odb10-busco.batch_summary.txt",
                "03_assembly/busco/hifiasm-raw-default/short_summary.specific.bacteria_odb10.hifiasm-raw-default.bp.p_ctg.fasta.json",
                "03_assembly/busco/hifiasm-raw-default/short_summary.specific.bacteria_odb10.hifiasm-raw-default.bp.p_ctg.fasta.txt",
                "03_assembly/gfastats/hifiasm-raw-default/hifiasm-raw-default.bp.p_ctg.fasta.assembly_summary",
                "03_assembly/hifiasm-raw-default/hifiasm-raw-default.bp.hap1.p_ctg.gfa",
                "03_assembly/hifiasm-raw-default/hifiasm-raw-default.bp.hap2.p_ctg.gfa",
                "03_assembly/hifiasm-raw-default/hifiasm-raw-default.bp.p_ctg.fasta.gz",
                "03_assembly/hifiasm-raw-default/hifiasm-raw-default.bp.p_ctg.gfa",
                "03_assembly/hifiasm-raw-default/hifiasm-raw-default.bp.p_utg.gfa",
                "03_assembly/hifiasm-raw-default/hifiasm-raw-default.bp.r_utg.gfa",
                "03_assembly/hifiasm-raw-default/hifiasm-raw-default.ec.bin",
                "03_assembly/hifiasm-raw-default/hifiasm-raw-default.ovlp.reverse.bin",
                "03_assembly/hifiasm-raw-default/hifiasm-raw-default.ovlp.source.bin",
                "03_assembly/hifiasm-raw-default/hifiasm-raw-default.stderr.log",
                "03_assembly/merqury/hifiasm-raw-default/Drosophila_melanogaster_hifi.unionsumdb.hist.ploidy",
                "03_assembly/merqury/hifiasm-raw-default/hifiasm-raw-default.bp.p_ctg_only.bed",
                "03_assembly/merqury/hifiasm-raw-default/hifiasm-raw-default.bp.p_ctg_only.wig",
                "03_assembly/merqury/hifiasm-raw-default/hifiasm-raw-default_merqury.completeness.stats",
                "03_assembly/merqury/hifiasm-raw-default/hifiasm-raw-default_merqury.dist_only.hist",
                "03_assembly/merqury/hifiasm-raw-default/hifiasm-raw-default_merqury.hifiasm-raw-default.bp.p_ctg.qv",
                "03_assembly/merqury/hifiasm-raw-default/hifiasm-raw-default_merqury.hifiasm-raw-default.bp.p_ctg.spectra-cn.fl.png",
                "03_assembly/merqury/hifiasm-raw-default/hifiasm-raw-default_merqury.hifiasm-raw-default.bp.p_ctg.spectra-cn.hist",
                "03_assembly/merqury/hifiasm-raw-default/hifiasm-raw-default_merqury.hifiasm-raw-default.bp.p_ctg.spectra-cn.ln.png",
                "03_assembly/merqury/hifiasm-raw-default/hifiasm-raw-default_merqury.hifiasm-raw-default.bp.p_ctg.spectra-cn.st.png",
                "03_assembly/merqury/hifiasm-raw-default/hifiasm-raw-default_merqury.qv",
                "03_assembly/merqury/hifiasm-raw-default/hifiasm-raw-default_merqury.spectra-asm.fl.png",
                "03_assembly/merqury/hifiasm-raw-default/hifiasm-raw-default_merqury.spectra-asm.hist",
                "03_assembly/merqury/hifiasm-raw-default/hifiasm-raw-default_merqury.spectra-asm.ln.png",
                "03_assembly/merqury/hifiasm-raw-default/hifiasm-raw-default_merqury.spectra-asm.st.png",
                "03_assembly/merquryfk/hifiasm-raw-default/hifiasm-raw-default_merquryfk.completeness.stats",
                "03_assembly/merquryfk/hifiasm-raw-default/hifiasm-raw-default_merquryfk.false_duplications.tsv",
                "03_assembly/merquryfk/hifiasm-raw-default/hifiasm-raw-default_merquryfk.hifiasm-raw-default.bp.p_ctg.qv",
                "03_assembly/merquryfk/hifiasm-raw-default/hifiasm-raw-default_merquryfk.hifiasm-raw-default.bp.p_ctg.spectra-cn.fl.png",
                "03_assembly/merquryfk/hifiasm-raw-default/hifiasm-raw-default_merquryfk.hifiasm-raw-default.bp.p_ctg.spectra-cn.ln.png",
                "03_assembly/merquryfk/hifiasm-raw-default/hifiasm-raw-default_merquryfk.hifiasm-raw-default.bp.p_ctg.spectra-cn.st.png",
                "03_assembly/merquryfk/hifiasm-raw-default/hifiasm-raw-default_merquryfk.hifiasm-raw-default.bp.p_ctg_only.bed",
                "03_assembly/merquryfk/hifiasm-raw-default/hifiasm-raw-default_merquryfk.qv",
                "03_assembly/merquryfk/hifiasm-raw-default/hifiasm-raw-default_merquryfk.spectra-asm.fl.png",
                "03_assembly/merquryfk/hifiasm-raw-default/hifiasm-raw-default_merquryfk.spectra-asm.ln.png",
                "03_assembly/merquryfk/hifiasm-raw-default/hifiasm-raw-default_merquryfk.spectra-asm.st.png",
                "03_assembly/merquryfk/hifiasm-raw-default/hifiasm-raw-default_merquryfk.spectra-cn.cni.gz",
                "03_assembly/organelle/dotplots/seq1-Drosophila_melanogaster-hifiasm-raw-default.final_mitogenome_seq2-ptg000006l.mitogenome.rotated.mitohifi.svg",
                "03_assembly/organelle/dotplots/seq1-PP764103.1_seq2-Drosophila_melanogaster-hifiasm-raw-default.final_mitogenome.reference.svg",
                "03_assembly/organelle/mitohifi/hifiasm-raw-default/Drosophila_melanogaster-hifiasm-raw-default.contigs_annotations.png",
                "03_assembly/organelle/mitohifi/hifiasm-raw-default/Drosophila_melanogaster-hifiasm-raw-default.contigs_stats.tsv",
                "03_assembly/organelle/mitohifi/hifiasm-raw-default/Drosophila_melanogaster-hifiasm-raw-default.final_mitogenome.annotation.png",
                "03_assembly/organelle/mitohifi/hifiasm-raw-default/Drosophila_melanogaster-hifiasm-raw-default.final_mitogenome.fasta",
                "03_assembly/organelle/mitohifi/hifiasm-raw-default/Drosophila_melanogaster-hifiasm-raw-default.final_mitogenome.gb",
                "03_assembly/organelle/mitohifi/hifiasm-raw-default/Drosophila_melanogaster-hifiasm-raw-default.shared_genes.tsv",
                "03_assembly/organelle/mitohifi/hifiasm-raw-default/contigs_circularization/all_contigs.circularisationCheck.txt",
                "03_assembly/organelle/mitohifi/hifiasm-raw-default/contigs_filtering/contigs.blastn",
                "03_assembly/organelle/mitohifi/hifiasm-raw-default/contigs_filtering/contigs_ids.txt",
                "03_assembly/organelle/mitohifi/hifiasm-raw-default/contigs_filtering/parsed_blast.txt",
                "03_assembly/organelle/mitohifi/hifiasm-raw-default/contigs_filtering/parsed_blast_all.txt",
                "03_assembly/organelle/mitohifi/hifiasm-raw-default/final_mitogenome_choice/all_mitogenomes.rotated.aligned.aln",
                "03_assembly/organelle/mitohifi/hifiasm-raw-default/final_mitogenome_choice/all_mitogenomes.rotated.fa",
                "03_assembly/organelle/mitohifi/hifiasm-raw-default/final_mitogenome_choice/cdhit.out",
                "03_assembly/organelle/mitohifi/hifiasm-raw-default/final_mitogenome_choice/cdhit.out.clstr",
                "03_assembly/organelle/mitohifi/hifiasm-raw-default/potential_contigs/ptg000006l/ptg000006l.annotation/PP764103.fasta",
                "03_assembly/organelle/mitohifi/hifiasm-raw-default/potential_contigs/ptg000006l/ptg000006l.annotation/ptg000006l.annotation_MitoFinder_mitfi_Final_Results/ptg000006l.annotation.infos",
                "03_assembly/organelle/mitohifi/hifiasm-raw-default/potential_contigs/ptg000006l/ptg000006l.annotation/ptg000006l.annotation_MitoFinder_mitfi_Final_Results/ptg000006l.annotation_final_genes_AA.fasta",
                "03_assembly/organelle/mitohifi/hifiasm-raw-default/potential_contigs/ptg000006l/ptg000006l.annotation/ptg000006l.annotation_MitoFinder_mitfi_Final_Results/ptg000006l.annotation_final_genes_NT.fasta",
                "03_assembly/organelle/mitohifi/hifiasm-raw-default/potential_contigs/ptg000006l/ptg000006l.annotation/ptg000006l.annotation_MitoFinder_mitfi_Final_Results/ptg000006l.annotation_mtDNA_contig.fasta",
                "03_assembly/organelle/mitohifi/hifiasm-raw-default/potential_contigs/ptg000006l/ptg000006l.annotation/ptg000006l.annotation_MitoFinder_mitfi_Final_Results/ptg000006l.annotation_mtDNA_contig.gb",
                "03_assembly/organelle/mitohifi/hifiasm-raw-default/potential_contigs/ptg000006l/ptg000006l.annotation/ptg000006l.annotation_MitoFinder_mitfi_Final_Results/ptg000006l.annotation_mtDNA_contig.gff",
                "03_assembly/organelle/mitohifi/hifiasm-raw-default/potential_contigs/ptg000006l/ptg000006l.annotation/ptg000006l.annotation_MitoFinder_mitfi_Final_Results/ptg000006l.annotation_mtDNA_contig.tbl",
                "03_assembly/organelle/mitohifi/hifiasm-raw-default/potential_contigs/ptg000006l/ptg000006l.annotation/ptg000006l.annotation_MitoFinder_mitfi_Final_Results/ptg000006l.annotation_mtDNA_contig_genes_AA.fasta",
                "03_assembly/organelle/mitohifi/hifiasm-raw-default/potential_contigs/ptg000006l/ptg000006l.annotation/ptg000006l.annotation_MitoFinder_mitfi_Final_Results/ptg000006l.annotation_mtDNA_contig_genes_NT.fasta",
                "03_assembly/organelle/mitohifi/hifiasm-raw-default/potential_contigs/ptg000006l/ptg000006l.annotation/ptg000006l.annotation_mitfi/MiTFi.log",
                "03_assembly/organelle/mitohifi/hifiasm-raw-default/potential_contigs/ptg000006l/ptg000006l.annotation/ptg000006l.annotation_mitfi/ptg000006l.annotation_mtDNA_contig.mitfi",
                "03_assembly/organelle/mitohifi/hifiasm-raw-default/potential_contigs/ptg000006l/ptg000006l.annotation/ptg000006l.annotation_tmp/circularization_check.blast.xml",
                "03_assembly/organelle/mitohifi/hifiasm-raw-default/potential_contigs/ptg000006l/ptg000006l.annotation/ptg000006l.annotation_tmp/contig_id_database.fasta",
                "03_assembly/organelle/mitohifi/hifiasm-raw-default/potential_contigs/ptg000006l/ptg000006l.annotation/ptg000006l.annotation_tmp/geneChecker.log",
                "03_assembly/organelle/mitohifi/hifiasm-raw-default/potential_contigs/ptg000006l/ptg000006l.annotation/ptg000006l.annotation_tmp/geneChecker_error.log",
                "03_assembly/organelle/mitohifi/hifiasm-raw-default/potential_contigs/ptg000006l/ptg000006l.annotation/ptg000006l.annotation_tmp/ptg000006l.annotation_blast_out.txt",
                "03_assembly/organelle/mitohifi/hifiasm-raw-default/potential_contigs/ptg000006l/ptg000006l.annotation/ptg000006l.annotation_tmp/ptg000006l.annotation_link.scafSeq.nhr",
                "03_assembly/organelle/mitohifi/hifiasm-raw-default/potential_contigs/ptg000006l/ptg000006l.annotation/ptg000006l.annotation_tmp/ptg000006l.annotation_link.scafSeq.nin",
                "03_assembly/organelle/mitohifi/hifiasm-raw-default/potential_contigs/ptg000006l/ptg000006l.annotation/ptg000006l.annotation_tmp/ptg000006l.annotation_link.scafSeq.nsq",
                "03_assembly/organelle/mitohifi/hifiasm-raw-default/potential_contigs/ptg000006l/ptg000006l.annotation/ptg000006l.annotation_tmp/ptg000006l.annotation_mtDNA_contig_raw.gff",
                "03_assembly/organelle/mitohifi/hifiasm-raw-default/potential_contigs/ptg000006l/ptg000006l.annotation/ptg000006l.annotation_tmp/ptg000006l.annotation_mtDNA_contig_ref.blast.xml",
                "03_assembly/organelle/mitohifi/hifiasm-raw-default/potential_contigs/ptg000006l/ptg000006l.annotation/ptg000006l.annotation_tmp/ptg000006l.annotation_mtDNA_contig_ref.cds.blast.xml",
                "03_assembly/organelle/mitohifi/hifiasm-raw-default/potential_contigs/ptg000006l/ptg000006l.annotation/ptg000006l.annotation_tmp/ptg000006l.annotation_mtDNA_contig_ref.cds.fasta",
                "03_assembly/organelle/mitohifi/hifiasm-raw-default/potential_contigs/ptg000006l/ptg000006l.annotation/ptg000006l.annotation_tmp/ptg000006l.annotation_mtDNA_contig_ref.fasta",
                "03_assembly/organelle/mitohifi/hifiasm-raw-default/potential_contigs/ptg000006l/ptg000006l.annotation/ptg000006l.annotation_tmp/ref_ATP6_database.fasta",
                "03_assembly/organelle/mitohifi/hifiasm-raw-default/potential_contigs/ptg000006l/ptg000006l.annotation/ptg000006l.annotation_tmp/ref_ATP8_database.fasta",
                "03_assembly/organelle/mitohifi/hifiasm-raw-default/potential_contigs/ptg000006l/ptg000006l.annotation/ptg000006l.annotation_tmp/ref_COX1_database.fasta",
                "03_assembly/organelle/mitohifi/hifiasm-raw-default/potential_contigs/ptg000006l/ptg000006l.annotation/ptg000006l.annotation_tmp/ref_COX2_database.fasta",
                "03_assembly/organelle/mitohifi/hifiasm-raw-default/potential_contigs/ptg000006l/ptg000006l.annotation/ptg000006l.annotation_tmp/ref_COX3_database.fasta",
                "03_assembly/organelle/mitohifi/hifiasm-raw-default/potential_contigs/ptg000006l/ptg000006l.annotation/ptg000006l.annotation_tmp/ref_CYTB_database.fasta",
                "03_assembly/organelle/mitohifi/hifiasm-raw-default/potential_contigs/ptg000006l/ptg000006l.annotation/ptg000006l.annotation_tmp/ref_ND1_database.fasta",
                "03_assembly/organelle/mitohifi/hifiasm-raw-default/potential_contigs/ptg000006l/ptg000006l.annotation/ptg000006l.annotation_tmp/ref_ND2_database.fasta",
                "03_assembly/organelle/mitohifi/hifiasm-raw-default/potential_contigs/ptg000006l/ptg000006l.annotation/ptg000006l.annotation_tmp/ref_ND3_database.fasta",
                "03_assembly/organelle/mitohifi/hifiasm-raw-default/potential_contigs/ptg000006l/ptg000006l.annotation/ptg000006l.annotation_tmp/ref_ND4L_database.fasta",
                "03_assembly/organelle/mitohifi/hifiasm-raw-default/potential_contigs/ptg000006l/ptg000006l.annotation/ptg000006l.annotation_tmp/ref_ND4_database.fasta",
                "03_assembly/organelle/mitohifi/hifiasm-raw-default/potential_contigs/ptg000006l/ptg000006l.annotation/ptg000006l.annotation_tmp/ref_ND5_database.fasta",
                "03_assembly/organelle/mitohifi/hifiasm-raw-default/potential_contigs/ptg000006l/ptg000006l.annotation/ptg000006l.annotation_tmp/ref_ND6_database.fasta",
                "03_assembly/organelle/mitohifi/hifiasm-raw-default/potential_contigs/ptg000006l/ptg000006l.annotation/ptg000006l.annotation_tmp/ref_for_mtDNA_contig.fasta",
                "03_assembly/organelle/mitohifi/hifiasm-raw-default/potential_contigs/ptg000006l/ptg000006l.annotation/ptg000006l.annotation_tmp/ref_rrnL_database.fasta",
                "03_assembly/organelle/mitohifi/hifiasm-raw-default/potential_contigs/ptg000006l/ptg000006l.annotation/ptg000006l.annotation_tmp/ref_rrnS_database.fasta",
                "03_assembly/organelle/mitohifi/hifiasm-raw-default/potential_contigs/ptg000006l/ptg000006l.annotation/ptg000006l.annotation_tmp/translated_genes_for_database.fasta",
                "03_assembly/organelle/mitohifi/hifiasm-raw-default/potential_contigs/ptg000006l/ptg000006l.annotation_MitoFinder.log",
                "03_assembly/organelle/mitohifi/hifiasm-raw-default/potential_contigs/ptg000006l/ptg000006l.circularisationCheck.txt",
                "03_assembly/organelle/mitohifi/hifiasm-raw-default/potential_contigs/ptg000006l/ptg000006l.circularization_check.blast.tsv",
                "03_assembly/organelle/mitohifi/hifiasm-raw-default/potential_contigs/ptg000006l/ptg000006l.individual.stats",
                "03_assembly/organelle/mitohifi/hifiasm-raw-default/potential_contigs/ptg000006l/ptg000006l.mito.fa",
                "03_assembly/organelle/mitohifi/hifiasm-raw-default/potential_contigs/ptg000006l/ptg000006l.mitogenome.fa",
                "03_assembly/organelle/mitohifi/hifiasm-raw-default/potential_contigs/ptg000006l/ptg000006l.mitogenome.gb",
                "03_assembly/organelle/mitohifi/hifiasm-raw-default/potential_contigs/ptg000006l/ptg000006l.mitogenome.rotated.fa",
                "03_assembly/organelle/mitohifi/hifiasm-raw-default/potential_contigs/ptg000006l/ptg000006l.mitogenome.rotated.gb",
                "03_assembly/organelle/mitohifi/hifiasm-raw-default/potential_contigs/ptg000006l/ptg000006l.trnas",
                "03_assembly/organelle/mitohifi/references/PP764103.1.fasta",
                "03_assembly/organelle/mitohifi/references/PP764103.1.gb",
                "05_duplicate_purging/busco/hifiasm-purged-default/hifiasm-purged-default-bacteria_odb10-busco.batch_summary.txt",
                "05_duplicate_purging/busco/hifiasm-purged-default/short_summary.specific.bacteria_odb10.Drosophila_melanogaster_hifiasm-purged-default_hap0.purged_fold.fasta.json",
                "05_duplicate_purging/busco/hifiasm-purged-default/short_summary.specific.bacteria_odb10.Drosophila_melanogaster_hifiasm-purged-default_hap0.purged_fold.fasta.txt",
                "05_duplicate_purging/gfastats/hifiasm-purged-default/Drosophila_melanogaster_hifiasm-purged-default_hap0.purged_fold.assembly_summary",
                "05_duplicate_purging/merqury/hifiasm-purged-default/Drosophila_melanogaster_hifi.unionsumdb.hist.ploidy",
                "05_duplicate_purging/merqury/hifiasm-purged-default/Drosophila_melanogaster_hifiasm-purged-default_hap0.hap_fold_only.bed",
                "05_duplicate_purging/merqury/hifiasm-purged-default/Drosophila_melanogaster_hifiasm-purged-default_hap0.hap_fold_only.wig",
                "05_duplicate_purging/merqury/hifiasm-purged-default/Drosophila_melanogaster_hifiasm-purged-default_hap0.purged_fold_only.bed",
                "05_duplicate_purging/merqury/hifiasm-purged-default/Drosophila_melanogaster_hifiasm-purged-default_hap0.purged_fold_only.wig",
                "05_duplicate_purging/merqury/hifiasm-purged-default/hifiasm-purged-default_merqury.Drosophila_melanogaster_hifiasm-purged-default_hap0.hap_fold.qv",
                "05_duplicate_purging/merqury/hifiasm-purged-default/hifiasm-purged-default_merqury.Drosophila_melanogaster_hifiasm-purged-default_hap0.hap_fold.spectra-cn.fl.png",
                "05_duplicate_purging/merqury/hifiasm-purged-default/hifiasm-purged-default_merqury.Drosophila_melanogaster_hifiasm-purged-default_hap0.hap_fold.spectra-cn.hist",
                "05_duplicate_purging/merqury/hifiasm-purged-default/hifiasm-purged-default_merqury.Drosophila_melanogaster_hifiasm-purged-default_hap0.hap_fold.spectra-cn.ln.png",
                "05_duplicate_purging/merqury/hifiasm-purged-default/hifiasm-purged-default_merqury.Drosophila_melanogaster_hifiasm-purged-default_hap0.hap_fold.spectra-cn.st.png",
                "05_duplicate_purging/merqury/hifiasm-purged-default/hifiasm-purged-default_merqury.Drosophila_melanogaster_hifiasm-purged-default_hap0.purged_fold.qv",
                "05_duplicate_purging/merqury/hifiasm-purged-default/hifiasm-purged-default_merqury.Drosophila_melanogaster_hifiasm-purged-default_hap0.purged_fold.spectra-cn.fl.png",
                "05_duplicate_purging/merqury/hifiasm-purged-default/hifiasm-purged-default_merqury.Drosophila_melanogaster_hifiasm-purged-default_hap0.purged_fold.spectra-cn.hist",
                "05_duplicate_purging/merqury/hifiasm-purged-default/hifiasm-purged-default_merqury.Drosophila_melanogaster_hifiasm-purged-default_hap0.purged_fold.spectra-cn.ln.png",
                "05_duplicate_purging/merqury/hifiasm-purged-default/hifiasm-purged-default_merqury.Drosophila_melanogaster_hifiasm-purged-default_hap0.purged_fold.spectra-cn.st.png",
                "05_duplicate_purging/merqury/hifiasm-purged-default/hifiasm-purged-default_merqury.completeness.stats",
                "05_duplicate_purging/merqury/hifiasm-purged-default/hifiasm-purged-default_merqury.dist_only.hist",
                "05_duplicate_purging/merqury/hifiasm-purged-default/hifiasm-purged-default_merqury.qv",
                "05_duplicate_purging/merqury/hifiasm-purged-default/hifiasm-purged-default_merqury.spectra-asm.fl.png",
                "05_duplicate_purging/merqury/hifiasm-purged-default/hifiasm-purged-default_merqury.spectra-asm.hist",
                "05_duplicate_purging/merqury/hifiasm-purged-default/hifiasm-purged-default_merqury.spectra-asm.ln.png",
                "05_duplicate_purging/merqury/hifiasm-purged-default/hifiasm-purged-default_merqury.spectra-asm.st.png",
                "05_duplicate_purging/merqury/hifiasm-purged-default/hifiasm-purged-default_merqury.spectra-cn.fl.png",
                "05_duplicate_purging/merqury/hifiasm-purged-default/hifiasm-purged-default_merqury.spectra-cn.hist",
                "05_duplicate_purging/merqury/hifiasm-purged-default/hifiasm-purged-default_merqury.spectra-cn.ln.png",
                "05_duplicate_purging/merqury/hifiasm-purged-default/hifiasm-purged-default_merqury.spectra-cn.st.png",
                "05_duplicate_purging/merquryfk/hifiasm-purged-default/hifiasm-purged-default_merquryfk.Drosophila_melanogaster_hifiasm-purged-default_hap0.hap_fold.qv",
                "05_duplicate_purging/merquryfk/hifiasm-purged-default/hifiasm-purged-default_merquryfk.Drosophila_melanogaster_hifiasm-purged-default_hap0.hap_fold.spectra-cn.fl.png",
                "05_duplicate_purging/merquryfk/hifiasm-purged-default/hifiasm-purged-default_merquryfk.Drosophila_melanogaster_hifiasm-purged-default_hap0.hap_fold.spectra-cn.ln.png",
                "05_duplicate_purging/merquryfk/hifiasm-purged-default/hifiasm-purged-default_merquryfk.Drosophila_melanogaster_hifiasm-purged-default_hap0.hap_fold.spectra-cn.st.png",
                "05_duplicate_purging/merquryfk/hifiasm-purged-default/hifiasm-purged-default_merquryfk.Drosophila_melanogaster_hifiasm-purged-default_hap0.hap_fold_only.bed",
                "05_duplicate_purging/merquryfk/hifiasm-purged-default/hifiasm-purged-default_merquryfk.Drosophila_melanogaster_hifiasm-purged-default_hap0.purged_fold.qv",
                "05_duplicate_purging/merquryfk/hifiasm-purged-default/hifiasm-purged-default_merquryfk.Drosophila_melanogaster_hifiasm-purged-default_hap0.purged_fold.spectra-cn.fl.png",
                "05_duplicate_purging/merquryfk/hifiasm-purged-default/hifiasm-purged-default_merquryfk.Drosophila_melanogaster_hifiasm-purged-default_hap0.purged_fold.spectra-cn.ln.png",
                "05_duplicate_purging/merquryfk/hifiasm-purged-default/hifiasm-purged-default_merquryfk.Drosophila_melanogaster_hifiasm-purged-default_hap0.purged_fold.spectra-cn.st.png",
                "05_duplicate_purging/merquryfk/hifiasm-purged-default/hifiasm-purged-default_merquryfk.Drosophila_melanogaster_hifiasm-purged-default_hap0.purged_fold_only.bed",
                "05_duplicate_purging/merquryfk/hifiasm-purged-default/hifiasm-purged-default_merquryfk.completeness.stats",
                "05_duplicate_purging/merquryfk/hifiasm-purged-default/hifiasm-purged-default_merquryfk.false_duplications.tsv",
                "05_duplicate_purging/merquryfk/hifiasm-purged-default/hifiasm-purged-default_merquryfk.qv",
                "05_duplicate_purging/merquryfk/hifiasm-purged-default/hifiasm-purged-default_merquryfk.spectra-asm.fl.png",
                "05_duplicate_purging/merquryfk/hifiasm-purged-default/hifiasm-purged-default_merquryfk.spectra-asm.ln.png",
                "05_duplicate_purging/merquryfk/hifiasm-purged-default/hifiasm-purged-default_merquryfk.spectra-asm.st.png",
                "05_duplicate_purging/merquryfk/hifiasm-purged-default/hifiasm-purged-default_merquryfk.spectra-cn.cni.gz",
                "05_duplicate_purging/merquryfk/hifiasm-purged-default/hifiasm-purged-default_merquryfk.spectra-cn.fl.png",
                "05_duplicate_purging/merquryfk/hifiasm-purged-default/hifiasm-purged-default_merquryfk.spectra-cn.ln.png",
                "05_duplicate_purging/merquryfk/hifiasm-purged-default/hifiasm-purged-default_merquryfk.spectra-cn.st.png",
                "05_duplicate_purging/purge_dups/Drosophila_melanogaster.PB.base.cov",
                "05_duplicate_purging/purge_dups/Drosophila_melanogaster.PB.stat",
                "05_duplicate_purging/purge_dups/Drosophila_melanogaster.calcuts.log",
                "05_duplicate_purging/purge_dups/Drosophila_melanogaster.cutoffs",
                "05_duplicate_purging/purge_dups/Drosophila_melanogaster_hifiasm-purged-default_hap0.dups.bed",
                "05_duplicate_purging/purge_dups/Drosophila_melanogaster_hifiasm-purged-default_hap0.hap.fa",
                "05_duplicate_purging/purge_dups/Drosophila_melanogaster_hifiasm-purged-default_hap0.merged.fasta.gz",
                "05_duplicate_purging/purge_dups/Drosophila_melanogaster_hifiasm-purged-default_hap0.purge_dups.log",
                "05_duplicate_purging/purge_dups/Drosophila_melanogaster_hifiasm-purged-default_hap0.purged.fa",
                "05_duplicate_purging/purge_dups/Drosophila_melanogaster_hifiasm-purged-default_hap0.split.fasta.gz",
                "05_duplicate_purging/purge_dups/Drosophila_melanogaster_hifiasm-purged-default_purgedups_hist.png",
                "07_scaffolding/busco/hifiasm-scaffolded-default/hifiasm-scaffolded-default-bacteria_odb10-busco.batch_summary.txt",
                "07_scaffolding/busco/hifiasm-scaffolded-default/short_summary.specific.bacteria_odb10.Drosophila_melanogaster_hifiasm-scaffolded-default_scaffolds_final.fa.json",
                "07_scaffolding/busco/hifiasm-scaffolded-default/short_summary.specific.bacteria_odb10.Drosophila_melanogaster_hifiasm-scaffolded-default_scaffolds_final.fa.txt",
                "07_scaffolding/gfastats/hifiasm-scaffolded-default/Drosophila_melanogaster_hifiasm-scaffolded-default_scaffolds_final.assembly_summary",
                "07_scaffolding/merqury/hifiasm-scaffolded-default/Drosophila_melanogaster_hifi.unionsumdb.hist.ploidy",
                "07_scaffolding/merqury/hifiasm-scaffolded-default/Drosophila_melanogaster_hifiasm-purged-default_hap0.hap_fold_only.bed",
                "07_scaffolding/merqury/hifiasm-scaffolded-default/Drosophila_melanogaster_hifiasm-purged-default_hap0.hap_fold_only.wig",
                "07_scaffolding/merqury/hifiasm-scaffolded-default/Drosophila_melanogaster_hifiasm-scaffolded-default_scaffolds_final_only.bed",
                "07_scaffolding/merqury/hifiasm-scaffolded-default/Drosophila_melanogaster_hifiasm-scaffolded-default_scaffolds_final_only.wig",
                "07_scaffolding/merqury/hifiasm-scaffolded-default/hifiasm-scaffolded-default_merqury.Drosophila_melanogaster_hifiasm-purged-default_hap0.hap_fold.qv",
                "07_scaffolding/merqury/hifiasm-scaffolded-default/hifiasm-scaffolded-default_merqury.Drosophila_melanogaster_hifiasm-purged-default_hap0.hap_fold.spectra-cn.fl.png",
                "07_scaffolding/merqury/hifiasm-scaffolded-default/hifiasm-scaffolded-default_merqury.Drosophila_melanogaster_hifiasm-purged-default_hap0.hap_fold.spectra-cn.hist",
                "07_scaffolding/merqury/hifiasm-scaffolded-default/hifiasm-scaffolded-default_merqury.Drosophila_melanogaster_hifiasm-purged-default_hap0.hap_fold.spectra-cn.ln.png",
                "07_scaffolding/merqury/hifiasm-scaffolded-default/hifiasm-scaffolded-default_merqury.Drosophila_melanogaster_hifiasm-purged-default_hap0.hap_fold.spectra-cn.st.png",
                "07_scaffolding/merqury/hifiasm-scaffolded-default/hifiasm-scaffolded-default_merqury.Drosophila_melanogaster_hifiasm-scaffolded-default_scaffolds_final.qv",
                "07_scaffolding/merqury/hifiasm-scaffolded-default/hifiasm-scaffolded-default_merqury.Drosophila_melanogaster_hifiasm-scaffolded-default_scaffolds_final.spectra-cn.fl.png",
                "07_scaffolding/merqury/hifiasm-scaffolded-default/hifiasm-scaffolded-default_merqury.Drosophila_melanogaster_hifiasm-scaffolded-default_scaffolds_final.spectra-cn.hist",
                "07_scaffolding/merqury/hifiasm-scaffolded-default/hifiasm-scaffolded-default_merqury.Drosophila_melanogaster_hifiasm-scaffolded-default_scaffolds_final.spectra-cn.ln.png",
                "07_scaffolding/merqury/hifiasm-scaffolded-default/hifiasm-scaffolded-default_merqury.Drosophila_melanogaster_hifiasm-scaffolded-default_scaffolds_final.spectra-cn.st.png",
                "07_scaffolding/merqury/hifiasm-scaffolded-default/hifiasm-scaffolded-default_merqury.completeness.stats",
                "07_scaffolding/merqury/hifiasm-scaffolded-default/hifiasm-scaffolded-default_merqury.dist_only.hist",
                "07_scaffolding/merqury/hifiasm-scaffolded-default/hifiasm-scaffolded-default_merqury.qv",
                "07_scaffolding/merqury/hifiasm-scaffolded-default/hifiasm-scaffolded-default_merqury.spectra-asm.fl.png",
                "07_scaffolding/merqury/hifiasm-scaffolded-default/hifiasm-scaffolded-default_merqury.spectra-asm.hist",
                "07_scaffolding/merqury/hifiasm-scaffolded-default/hifiasm-scaffolded-default_merqury.spectra-asm.ln.png",
                "07_scaffolding/merqury/hifiasm-scaffolded-default/hifiasm-scaffolded-default_merqury.spectra-asm.st.png",
                "07_scaffolding/merqury/hifiasm-scaffolded-default/hifiasm-scaffolded-default_merqury.spectra-cn.fl.png",
                "07_scaffolding/merqury/hifiasm-scaffolded-default/hifiasm-scaffolded-default_merqury.spectra-cn.hist",
                "07_scaffolding/merqury/hifiasm-scaffolded-default/hifiasm-scaffolded-default_merqury.spectra-cn.ln.png",
                "07_scaffolding/merqury/hifiasm-scaffolded-default/hifiasm-scaffolded-default_merqury.spectra-cn.st.png",
                "07_scaffolding/merquryfk/hifiasm-scaffolded-default/hifiasm-scaffolded-default_merquryfk.Drosophila_melanogaster_hifiasm-purged-default_hap0.hap_fold.qv",
                "07_scaffolding/merquryfk/hifiasm-scaffolded-default/hifiasm-scaffolded-default_merquryfk.Drosophila_melanogaster_hifiasm-purged-default_hap0.hap_fold.spectra-cn.fl.png",
                "07_scaffolding/merquryfk/hifiasm-scaffolded-default/hifiasm-scaffolded-default_merquryfk.Drosophila_melanogaster_hifiasm-purged-default_hap0.hap_fold.spectra-cn.ln.png",
                "07_scaffolding/merquryfk/hifiasm-scaffolded-default/hifiasm-scaffolded-default_merquryfk.Drosophila_melanogaster_hifiasm-purged-default_hap0.hap_fold.spectra-cn.st.png",
                "07_scaffolding/merquryfk/hifiasm-scaffolded-default/hifiasm-scaffolded-default_merquryfk.Drosophila_melanogaster_hifiasm-purged-default_hap0.hap_fold_only.bed",
                "07_scaffolding/merquryfk/hifiasm-scaffolded-default/hifiasm-scaffolded-default_merquryfk.Drosophila_melanogaster_hifiasm-scaffolded-default_scaffolds_final.qv",
                "07_scaffolding/merquryfk/hifiasm-scaffolded-default/hifiasm-scaffolded-default_merquryfk.Drosophila_melanogaster_hifiasm-scaffolded-default_scaffolds_final.spectra-cn.fl.png",
                "07_scaffolding/merquryfk/hifiasm-scaffolded-default/hifiasm-scaffolded-default_merquryfk.Drosophila_melanogaster_hifiasm-scaffolded-default_scaffolds_final.spectra-cn.ln.png",
                "07_scaffolding/merquryfk/hifiasm-scaffolded-default/hifiasm-scaffolded-default_merquryfk.Drosophila_melanogaster_hifiasm-scaffolded-default_scaffolds_final.spectra-cn.st.png",
                "07_scaffolding/merquryfk/hifiasm-scaffolded-default/hifiasm-scaffolded-default_merquryfk.Drosophila_melanogaster_hifiasm-scaffolded-default_scaffolds_final_only.bed",
                "07_scaffolding/merquryfk/hifiasm-scaffolded-default/hifiasm-scaffolded-default_merquryfk.completeness.stats",
                "07_scaffolding/merquryfk/hifiasm-scaffolded-default/hifiasm-scaffolded-default_merquryfk.false_duplications.tsv",
                "07_scaffolding/merquryfk/hifiasm-scaffolded-default/hifiasm-scaffolded-default_merquryfk.qv",
                "07_scaffolding/merquryfk/hifiasm-scaffolded-default/hifiasm-scaffolded-default_merquryfk.spectra-asm.fl.png",
                "07_scaffolding/merquryfk/hifiasm-scaffolded-default/hifiasm-scaffolded-default_merquryfk.spectra-asm.ln.png",
                "07_scaffolding/merquryfk/hifiasm-scaffolded-default/hifiasm-scaffolded-default_merquryfk.spectra-asm.st.png",
                "07_scaffolding/merquryfk/hifiasm-scaffolded-default/hifiasm-scaffolded-default_merquryfk.spectra-cn.cni.gz",
                "07_scaffolding/merquryfk/hifiasm-scaffolded-default/hifiasm-scaffolded-default_merquryfk.spectra-cn.fl.png",
                "07_scaffolding/merquryfk/hifiasm-scaffolded-default/hifiasm-scaffolded-default_merquryfk.spectra-cn.ln.png",
                "07_scaffolding/merquryfk/hifiasm-scaffolded-default/hifiasm-scaffolded-default_merquryfk.spectra-cn.st.png",
                "07_scaffolding/pairtools/hifiasm-scaffolded-default/Drosophila_melanogaster_hifiasm-scaffolded-default_dedup.pairs.stat",
                "07_scaffolding/pairtools/hifiasm-scaffolded-default/Drosophila_melanogaster_hifiasm-scaffolded-default_dmel_2Mb_p1_1.fastp.pairsam.stat",
                "07_scaffolding/pairtools/hifiasm-scaffolded-default/Drosophila_melanogaster_hifiasm-scaffolded-default_dmel_2Mb_p2_1.fastp.pairsam.stat",
                "07_scaffolding/yahs/hifiasm-scaffolded-default/Drosophila_melanogaster_hifiasm-scaffolded-default.bin",
                "07_scaffolding/yahs/hifiasm-scaffolded-default/Drosophila_melanogaster_hifiasm-scaffolded-default_scaffolds_final.agp",
                "07_scaffolding/yahs/hifiasm-scaffolded-default/Drosophila_melanogaster_hifiasm-scaffolded-default_scaffolds_final.fa",
                "08_curation/higlass/hifiasm-curated-default/hifiasm-curated-default_gaps.bedgraph.beddb",
                "08_curation/higlass/hifiasm-curated-default/hifiasm-curated-default_merged_dupMarked.mcool",
                "08_curation/higlass/hifiasm-curated-default/hifiasm-curated-default_telomer.bw",
                "08_curation/pretext/hifiasm-curated-default/hifiasm-curated-default_wTracks.pretext",
                "10_report/assembly_report.html",
                "10_report/assembly_report.md",
                "10_report/multiqc-summary.html",
                "10_report/quast/Drosophila_melanogaster_quast_report.tsv",
                "10_report/quast/Drosophila_melanogaster_quast_report/basic_stats/Drosophila_melanogaster_hifiasm-purged-default_hap0.purged_fold_GC_content_plot.pdf",
                "10_report/quast/Drosophila_melanogaster_quast_report/basic_stats/Drosophila_melanogaster_hifiasm-scaffolded-default_scaffolds_final_GC_content_plot.pdf",
                "10_report/quast/Drosophila_melanogaster_quast_report/basic_stats/GC_content_plot.pdf",
                "10_report/quast/Drosophila_melanogaster_quast_report/basic_stats/Nx_plot.pdf",
                "10_report/quast/Drosophila_melanogaster_quast_report/basic_stats/cumulative_plot.pdf",
                "10_report/quast/Drosophila_melanogaster_quast_report/basic_stats/hifiasm-raw-default.bp.p_ctg_GC_content_plot.pdf",
                "10_report/quast/Drosophila_melanogaster_quast_report/icarus.html",
                "10_report/quast/Drosophila_melanogaster_quast_report/icarus_viewers/contig_size_viewer.html",
                "10_report/quast/Drosophila_melanogaster_quast_report/quast.log",
                "10_report/quast/Drosophila_melanogaster_quast_report/report.html",
                "10_report/quast/Drosophila_melanogaster_quast_report/report.pdf",
                "10_report/quast/Drosophila_melanogaster_quast_report/report.tex",
                "10_report/quast/Drosophila_melanogaster_quast_report/report.tsv",
                "10_report/quast/Drosophila_melanogaster_quast_report/report.txt",
                "10_report/quast/Drosophila_melanogaster_quast_report/transposed_report.tex",
                "10_report/quast/Drosophila_melanogaster_quast_report/transposed_report.tsv",
                "10_report/quast/Drosophila_melanogaster_quast_report/transposed_report.txt",
                "10_report/versions.yml"
            ]
        ],
        "meta": {
            "nf-test": "0.9.2",
            "nextflow": "25.04.8"
        },
        "timestamp": "2025-12-02T11:13:02.813417542"
    },
    "Tiny dataset - purge,polish,scaffold,curate": {
        "content": [
            68,
            [
                "01_read_inspection/dtol_search/7227_tol_info.json",
                "01_read_inspection/fastk/.Drosophila_melanogaster_dmel_2Mb.fasta_hifi_fk.ktab.1",
                "01_read_inspection/fastk/.Drosophila_melanogaster_dmel_2Mb.fasta_hifi_fk.ktab.10",
                "01_read_inspection/fastk/.Drosophila_melanogaster_dmel_2Mb.fasta_hifi_fk.ktab.2",
                "01_read_inspection/fastk/.Drosophila_melanogaster_dmel_2Mb.fasta_hifi_fk.ktab.3",
                "01_read_inspection/fastk/.Drosophila_melanogaster_dmel_2Mb.fasta_hifi_fk.ktab.4",
                "01_read_inspection/fastk/.Drosophila_melanogaster_dmel_2Mb.fasta_hifi_fk.ktab.5",
                "01_read_inspection/fastk/.Drosophila_melanogaster_dmel_2Mb.fasta_hifi_fk.ktab.6",
                "01_read_inspection/fastk/.Drosophila_melanogaster_dmel_2Mb.fasta_hifi_fk.ktab.7",
                "01_read_inspection/fastk/.Drosophila_melanogaster_dmel_2Mb.fasta_hifi_fk.ktab.8",
                "01_read_inspection/fastk/.Drosophila_melanogaster_dmel_2Mb.fasta_hifi_fk.ktab.9",
                "01_read_inspection/fastk/.Drosophila_melanogaster_dmel_2Mb_p1_1.fastp.fastq_hic_fk.ktab.1",
                "01_read_inspection/fastk/.Drosophila_melanogaster_dmel_2Mb_p1_1.fastp.fastq_hic_fk.ktab.10",
                "01_read_inspection/fastk/.Drosophila_melanogaster_dmel_2Mb_p1_1.fastp.fastq_hic_fk.ktab.2",
                "01_read_inspection/fastk/.Drosophila_melanogaster_dmel_2Mb_p1_1.fastp.fastq_hic_fk.ktab.3",
                "01_read_inspection/fastk/.Drosophila_melanogaster_dmel_2Mb_p1_1.fastp.fastq_hic_fk.ktab.4",
                "01_read_inspection/fastk/.Drosophila_melanogaster_dmel_2Mb_p1_1.fastp.fastq_hic_fk.ktab.5",
                "01_read_inspection/fastk/.Drosophila_melanogaster_dmel_2Mb_p1_1.fastp.fastq_hic_fk.ktab.6",
                "01_read_inspection/fastk/.Drosophila_melanogaster_dmel_2Mb_p1_1.fastp.fastq_hic_fk.ktab.7",
                "01_read_inspection/fastk/.Drosophila_melanogaster_dmel_2Mb_p1_1.fastp.fastq_hic_fk.ktab.8",
                "01_read_inspection/fastk/.Drosophila_melanogaster_dmel_2Mb_p1_1.fastp.fastq_hic_fk.ktab.9",
                "01_read_inspection/fastk/Drosophila_melanogaster_dmel_2Mb.fasta_hifi_fk.hist",
                "01_read_inspection/fastk/Drosophila_melanogaster_dmel_2Mb.fasta_hifi_fk.ktab",
                "01_read_inspection/fastk/Drosophila_melanogaster_dmel_2Mb_p1_1.fastp.fastq_hic_fk.hist",
                "01_read_inspection/fastk/Drosophila_melanogaster_dmel_2Mb_p1_1.fastp.fastq_hic_fk.ktab",
                "02_read_preprocessing/hi-c_cram/dmel_2Mb_p1.cram",
                "02_read_preprocessing/hi-c_cram/dmel_2Mb_p1.cram.crai",
                "03_assembly/busco/hifiasm-raw-hifi_v1/hifiasm-raw-hifi_v1-bacteria_odb10-busco.batch_summary.txt",
                "03_assembly/busco/hifiasm-raw-hifi_v1/short_summary.specific.bacteria_odb10.hifiasm-raw-hifi_v1.asm.bp.p_ctg.fasta.json",
                "03_assembly/busco/hifiasm-raw-hifi_v1/short_summary.specific.bacteria_odb10.hifiasm-raw-hifi_v1.asm.bp.p_ctg.fasta.txt",
                "03_assembly/gfastats/hifiasm-raw-hifi_v1/hifiasm-raw-hifi_v1.asm.bp.p_ctg.assembly_summary",
                "03_assembly/merqury/hifiasm-raw-hifi_v1/Drosophila_melanogaster_hifi.unionsumdb.hist.ploidy",
                "03_assembly/merqury/hifiasm-raw-hifi_v1/hifiasm-raw-hifi_v1.asm.bp.p_ctg_only.bed",
                "03_assembly/merqury/hifiasm-raw-hifi_v1/hifiasm-raw-hifi_v1.asm.bp.p_ctg_only.wig",
                "03_assembly/merqury/hifiasm-raw-hifi_v1/hifiasm-raw-hifi_v1_merqury.completeness.stats",
                "03_assembly/merqury/hifiasm-raw-hifi_v1/hifiasm-raw-hifi_v1_merqury.dist_only.hist",
                "03_assembly/merqury/hifiasm-raw-hifi_v1/hifiasm-raw-hifi_v1_merqury.hifiasm-raw-hifi_v1.asm.bp.p_ctg.qv",
                "03_assembly/merqury/hifiasm-raw-hifi_v1/hifiasm-raw-hifi_v1_merqury.hifiasm-raw-hifi_v1.asm.bp.p_ctg.spectra-cn.fl.png",
                "03_assembly/merqury/hifiasm-raw-hifi_v1/hifiasm-raw-hifi_v1_merqury.hifiasm-raw-hifi_v1.asm.bp.p_ctg.spectra-cn.hist",
                "03_assembly/merqury/hifiasm-raw-hifi_v1/hifiasm-raw-hifi_v1_merqury.hifiasm-raw-hifi_v1.asm.bp.p_ctg.spectra-cn.ln.png",
                "03_assembly/merqury/hifiasm-raw-hifi_v1/hifiasm-raw-hifi_v1_merqury.hifiasm-raw-hifi_v1.asm.bp.p_ctg.spectra-cn.st.png",
                "03_assembly/merqury/hifiasm-raw-hifi_v1/hifiasm-raw-hifi_v1_merqury.qv",
                "03_assembly/merqury/hifiasm-raw-hifi_v1/hifiasm-raw-hifi_v1_merqury.spectra-asm.fl.png",
                "03_assembly/merqury/hifiasm-raw-hifi_v1/hifiasm-raw-hifi_v1_merqury.spectra-asm.hist",
                "03_assembly/merqury/hifiasm-raw-hifi_v1/hifiasm-raw-hifi_v1_merqury.spectra-asm.ln.png",
                "03_assembly/merqury/hifiasm-raw-hifi_v1/hifiasm-raw-hifi_v1_merqury.spectra-asm.st.png",
                "03_assembly/merquryfk/hifiasm-raw-hifi_v1/hifiasm-raw-hifi_v1_merquryfk.completeness.stats",
                "03_assembly/merquryfk/hifiasm-raw-hifi_v1/hifiasm-raw-hifi_v1_merquryfk.false_duplications.tsv",
                "03_assembly/merquryfk/hifiasm-raw-hifi_v1/hifiasm-raw-hifi_v1_merquryfk.hifiasm-raw-hifi_v1.asm.bp.p_ctg.qv",
                "03_assembly/merquryfk/hifiasm-raw-hifi_v1/hifiasm-raw-hifi_v1_merquryfk.hifiasm-raw-hifi_v1.asm.bp.p_ctg.spectra-cn.fl.png",
                "03_assembly/merquryfk/hifiasm-raw-hifi_v1/hifiasm-raw-hifi_v1_merquryfk.hifiasm-raw-hifi_v1.asm.bp.p_ctg.spectra-cn.ln.png",
                "03_assembly/merquryfk/hifiasm-raw-hifi_v1/hifiasm-raw-hifi_v1_merquryfk.hifiasm-raw-hifi_v1.asm.bp.p_ctg.spectra-cn.st.png",
                "03_assembly/merquryfk/hifiasm-raw-hifi_v1/hifiasm-raw-hifi_v1_merquryfk.hifiasm-raw-hifi_v1.asm.bp.p_ctg_only.bed",
                "03_assembly/merquryfk/hifiasm-raw-hifi_v1/hifiasm-raw-hifi_v1_merquryfk.qv",
                "03_assembly/merquryfk/hifiasm-raw-hifi_v1/hifiasm-raw-hifi_v1_merquryfk.spectra-asm.fl.png",
                "03_assembly/merquryfk/hifiasm-raw-hifi_v1/hifiasm-raw-hifi_v1_merquryfk.spectra-asm.ln.png",
                "03_assembly/merquryfk/hifiasm-raw-hifi_v1/hifiasm-raw-hifi_v1_merquryfk.spectra-asm.st.png",
                "03_assembly/merquryfk/hifiasm-raw-hifi_v1/hifiasm-raw-hifi_v1_merquryfk.spectra-cn.cni.gz",
                "05_duplicate_purging/busco/hifiasm-purged-hifi_v1/hifiasm-purged-hifi_v1-bacteria_odb10-busco.batch_summary.txt",
                "05_duplicate_purging/busco/hifiasm-purged-hifi_v1/short_summary.specific.bacteria_odb10.Drosophila_melanogaster_hifiasm-purged-hifi_v1_hap0.purged_fold.fasta.json",
                "05_duplicate_purging/busco/hifiasm-purged-hifi_v1/short_summary.specific.bacteria_odb10.Drosophila_melanogaster_hifiasm-purged-hifi_v1_hap0.purged_fold.fasta.txt",
                "05_duplicate_purging/gfastats/hifiasm-purged-hifi_v1/Drosophila_melanogaster_hifiasm-purged-hifi_v1_hap0.purged_fold.assembly_summary",
                "05_duplicate_purging/merqury/hifiasm-purged-hifi_v1/Drosophila_melanogaster_hifi.unionsumdb.hist.ploidy",
                "05_duplicate_purging/merqury/hifiasm-purged-hifi_v1/Drosophila_melanogaster_hifiasm-purged-hifi_v1_hap0.hap_fold_only.bed",
                "05_duplicate_purging/merqury/hifiasm-purged-hifi_v1/Drosophila_melanogaster_hifiasm-purged-hifi_v1_hap0.hap_fold_only.wig",
                "05_duplicate_purging/merqury/hifiasm-purged-hifi_v1/Drosophila_melanogaster_hifiasm-purged-hifi_v1_hap0.purged_fold_only.bed",
                "05_duplicate_purging/merqury/hifiasm-purged-hifi_v1/Drosophila_melanogaster_hifiasm-purged-hifi_v1_hap0.purged_fold_only.wig",
                "05_duplicate_purging/merqury/hifiasm-purged-hifi_v1/hifiasm-purged-hifi_v1_merqury.Drosophila_melanogaster_hifiasm-purged-hifi_v1_hap0.hap_fold.qv",
                "05_duplicate_purging/merqury/hifiasm-purged-hifi_v1/hifiasm-purged-hifi_v1_merqury.Drosophila_melanogaster_hifiasm-purged-hifi_v1_hap0.hap_fold.spectra-cn.fl.png",
                "05_duplicate_purging/merqury/hifiasm-purged-hifi_v1/hifiasm-purged-hifi_v1_merqury.Drosophila_melanogaster_hifiasm-purged-hifi_v1_hap0.hap_fold.spectra-cn.hist",
                "05_duplicate_purging/merqury/hifiasm-purged-hifi_v1/hifiasm-purged-hifi_v1_merqury.Drosophila_melanogaster_hifiasm-purged-hifi_v1_hap0.hap_fold.spectra-cn.ln.png",
                "05_duplicate_purging/merqury/hifiasm-purged-hifi_v1/hifiasm-purged-hifi_v1_merqury.Drosophila_melanogaster_hifiasm-purged-hifi_v1_hap0.hap_fold.spectra-cn.st.png",
                "05_duplicate_purging/merqury/hifiasm-purged-hifi_v1/hifiasm-purged-hifi_v1_merqury.Drosophila_melanogaster_hifiasm-purged-hifi_v1_hap0.purged_fold.qv",
                "05_duplicate_purging/merqury/hifiasm-purged-hifi_v1/hifiasm-purged-hifi_v1_merqury.Drosophila_melanogaster_hifiasm-purged-hifi_v1_hap0.purged_fold.spectra-cn.fl.png",
                "05_duplicate_purging/merqury/hifiasm-purged-hifi_v1/hifiasm-purged-hifi_v1_merqury.Drosophila_melanogaster_hifiasm-purged-hifi_v1_hap0.purged_fold.spectra-cn.hist",
                "05_duplicate_purging/merqury/hifiasm-purged-hifi_v1/hifiasm-purged-hifi_v1_merqury.Drosophila_melanogaster_hifiasm-purged-hifi_v1_hap0.purged_fold.spectra-cn.ln.png",
                "05_duplicate_purging/merqury/hifiasm-purged-hifi_v1/hifiasm-purged-hifi_v1_merqury.Drosophila_melanogaster_hifiasm-purged-hifi_v1_hap0.purged_fold.spectra-cn.st.png",
                "05_duplicate_purging/merqury/hifiasm-purged-hifi_v1/hifiasm-purged-hifi_v1_merqury.completeness.stats",
                "05_duplicate_purging/merqury/hifiasm-purged-hifi_v1/hifiasm-purged-hifi_v1_merqury.dist_only.hist",
                "05_duplicate_purging/merqury/hifiasm-purged-hifi_v1/hifiasm-purged-hifi_v1_merqury.qv",
                "05_duplicate_purging/merqury/hifiasm-purged-hifi_v1/hifiasm-purged-hifi_v1_merqury.spectra-asm.fl.png",
                "05_duplicate_purging/merqury/hifiasm-purged-hifi_v1/hifiasm-purged-hifi_v1_merqury.spectra-asm.hist",
                "05_duplicate_purging/merqury/hifiasm-purged-hifi_v1/hifiasm-purged-hifi_v1_merqury.spectra-asm.ln.png",
                "05_duplicate_purging/merqury/hifiasm-purged-hifi_v1/hifiasm-purged-hifi_v1_merqury.spectra-asm.st.png",
                "05_duplicate_purging/merqury/hifiasm-purged-hifi_v1/hifiasm-purged-hifi_v1_merqury.spectra-cn.fl.png",
                "05_duplicate_purging/merqury/hifiasm-purged-hifi_v1/hifiasm-purged-hifi_v1_merqury.spectra-cn.hist",
                "05_duplicate_purging/merqury/hifiasm-purged-hifi_v1/hifiasm-purged-hifi_v1_merqury.spectra-cn.ln.png",
                "05_duplicate_purging/merqury/hifiasm-purged-hifi_v1/hifiasm-purged-hifi_v1_merqury.spectra-cn.st.png",
                "05_duplicate_purging/merquryfk/hifiasm-purged-hifi_v1/hifiasm-purged-hifi_v1_merquryfk.Drosophila_melanogaster_hifiasm-purged-hifi_v1_hap0.hap_fold.qv",
                "05_duplicate_purging/merquryfk/hifiasm-purged-hifi_v1/hifiasm-purged-hifi_v1_merquryfk.Drosophila_melanogaster_hifiasm-purged-hifi_v1_hap0.hap_fold.spectra-cn.fl.png",
                "05_duplicate_purging/merquryfk/hifiasm-purged-hifi_v1/hifiasm-purged-hifi_v1_merquryfk.Drosophila_melanogaster_hifiasm-purged-hifi_v1_hap0.hap_fold.spectra-cn.ln.png",
                "05_duplicate_purging/merquryfk/hifiasm-purged-hifi_v1/hifiasm-purged-hifi_v1_merquryfk.Drosophila_melanogaster_hifiasm-purged-hifi_v1_hap0.hap_fold.spectra-cn.st.png",
                "05_duplicate_purging/merquryfk/hifiasm-purged-hifi_v1/hifiasm-purged-hifi_v1_merquryfk.Drosophila_melanogaster_hifiasm-purged-hifi_v1_hap0.hap_fold_only.bed",
                "05_duplicate_purging/merquryfk/hifiasm-purged-hifi_v1/hifiasm-purged-hifi_v1_merquryfk.Drosophila_melanogaster_hifiasm-purged-hifi_v1_hap0.purged_fold.qv",
                "05_duplicate_purging/merquryfk/hifiasm-purged-hifi_v1/hifiasm-purged-hifi_v1_merquryfk.Drosophila_melanogaster_hifiasm-purged-hifi_v1_hap0.purged_fold.spectra-cn.fl.png",
                "05_duplicate_purging/merquryfk/hifiasm-purged-hifi_v1/hifiasm-purged-hifi_v1_merquryfk.Drosophila_melanogaster_hifiasm-purged-hifi_v1_hap0.purged_fold.spectra-cn.ln.png",
                "05_duplicate_purging/merquryfk/hifiasm-purged-hifi_v1/hifiasm-purged-hifi_v1_merquryfk.Drosophila_melanogaster_hifiasm-purged-hifi_v1_hap0.purged_fold.spectra-cn.st.png",
                "05_duplicate_purging/merquryfk/hifiasm-purged-hifi_v1/hifiasm-purged-hifi_v1_merquryfk.Drosophila_melanogaster_hifiasm-purged-hifi_v1_hap0.purged_fold_only.bed",
                "05_duplicate_purging/merquryfk/hifiasm-purged-hifi_v1/hifiasm-purged-hifi_v1_merquryfk.completeness.stats",
                "05_duplicate_purging/merquryfk/hifiasm-purged-hifi_v1/hifiasm-purged-hifi_v1_merquryfk.false_duplications.tsv",
                "05_duplicate_purging/merquryfk/hifiasm-purged-hifi_v1/hifiasm-purged-hifi_v1_merquryfk.qv",
                "05_duplicate_purging/merquryfk/hifiasm-purged-hifi_v1/hifiasm-purged-hifi_v1_merquryfk.spectra-asm.fl.png",
                "05_duplicate_purging/merquryfk/hifiasm-purged-hifi_v1/hifiasm-purged-hifi_v1_merquryfk.spectra-asm.ln.png",
                "05_duplicate_purging/merquryfk/hifiasm-purged-hifi_v1/hifiasm-purged-hifi_v1_merquryfk.spectra-asm.st.png",
                "05_duplicate_purging/merquryfk/hifiasm-purged-hifi_v1/hifiasm-purged-hifi_v1_merquryfk.spectra-cn.cni.gz",
                "05_duplicate_purging/merquryfk/hifiasm-purged-hifi_v1/hifiasm-purged-hifi_v1_merquryfk.spectra-cn.fl.png",
                "05_duplicate_purging/merquryfk/hifiasm-purged-hifi_v1/hifiasm-purged-hifi_v1_merquryfk.spectra-cn.ln.png",
                "05_duplicate_purging/merquryfk/hifiasm-purged-hifi_v1/hifiasm-purged-hifi_v1_merquryfk.spectra-cn.st.png",
                "05_duplicate_purging/purge_dups/Drosophila_melanogaster.PB.base.cov",
                "05_duplicate_purging/purge_dups/Drosophila_melanogaster.PB.stat",
                "05_duplicate_purging/purge_dups/Drosophila_melanogaster.calcuts.log",
                "05_duplicate_purging/purge_dups/Drosophila_melanogaster.cutoffs",
                "05_duplicate_purging/purge_dups/Drosophila_melanogaster_hifiasm-purged-hifi_v1_hap0.dups.bed",
                "05_duplicate_purging/purge_dups/Drosophila_melanogaster_hifiasm-purged-hifi_v1_hap0.hap.fa",
                "05_duplicate_purging/purge_dups/Drosophila_melanogaster_hifiasm-purged-hifi_v1_hap0.merged.fasta.gz",
                "05_duplicate_purging/purge_dups/Drosophila_melanogaster_hifiasm-purged-hifi_v1_hap0.purge_dups.log",
                "05_duplicate_purging/purge_dups/Drosophila_melanogaster_hifiasm-purged-hifi_v1_hap0.purged.fa",
                "05_duplicate_purging/purge_dups/Drosophila_melanogaster_hifiasm-purged-hifi_v1_hap0.split.fasta.gz",
                "05_duplicate_purging/purge_dups/Drosophila_melanogaster_hifiasm-purged-hifi_v1_purgedups_hist.png",
                "07_scaffolding/busco/hifiasm-scaffolded-hifi_v1/hifiasm-scaffolded-hifi_v1-bacteria_odb10-busco.batch_summary.txt",
                "07_scaffolding/busco/hifiasm-scaffolded-hifi_v1/short_summary.specific.bacteria_odb10.Drosophila_melanogaster_hifiasm-scaffolded-hifi_v1_scaffolds_final.fa.json",
                "07_scaffolding/busco/hifiasm-scaffolded-hifi_v1/short_summary.specific.bacteria_odb10.Drosophila_melanogaster_hifiasm-scaffolded-hifi_v1_scaffolds_final.fa.txt",
                "07_scaffolding/gfastats/hifiasm-scaffolded-hifi_v1/Drosophila_melanogaster_hifiasm-scaffolded-hifi_v1_scaffolds_final.assembly_summary",
                "07_scaffolding/merqury/hifiasm-scaffolded-hifi_v1/Drosophila_melanogaster_hifi.unionsumdb.hist.ploidy",
                "07_scaffolding/merqury/hifiasm-scaffolded-hifi_v1/Drosophila_melanogaster_hifiasm-purged-hifi_v1_hap0.hap_fold_only.bed",
                "07_scaffolding/merqury/hifiasm-scaffolded-hifi_v1/Drosophila_melanogaster_hifiasm-purged-hifi_v1_hap0.hap_fold_only.wig",
                "07_scaffolding/merqury/hifiasm-scaffolded-hifi_v1/Drosophila_melanogaster_hifiasm-scaffolded-hifi_v1_scaffolds_final_only.bed",
                "07_scaffolding/merqury/hifiasm-scaffolded-hifi_v1/Drosophila_melanogaster_hifiasm-scaffolded-hifi_v1_scaffolds_final_only.wig",
                "07_scaffolding/merqury/hifiasm-scaffolded-hifi_v1/hifiasm-scaffolded-hifi_v1_merqury.Drosophila_melanogaster_hifiasm-purged-hifi_v1_hap0.hap_fold.qv",
                "07_scaffolding/merqury/hifiasm-scaffolded-hifi_v1/hifiasm-scaffolded-hifi_v1_merqury.Drosophila_melanogaster_hifiasm-purged-hifi_v1_hap0.hap_fold.spectra-cn.fl.png",
                "07_scaffolding/merqury/hifiasm-scaffolded-hifi_v1/hifiasm-scaffolded-hifi_v1_merqury.Drosophila_melanogaster_hifiasm-purged-hifi_v1_hap0.hap_fold.spectra-cn.hist",
                "07_scaffolding/merqury/hifiasm-scaffolded-hifi_v1/hifiasm-scaffolded-hifi_v1_merqury.Drosophila_melanogaster_hifiasm-purged-hifi_v1_hap0.hap_fold.spectra-cn.ln.png",
                "07_scaffolding/merqury/hifiasm-scaffolded-hifi_v1/hifiasm-scaffolded-hifi_v1_merqury.Drosophila_melanogaster_hifiasm-purged-hifi_v1_hap0.hap_fold.spectra-cn.st.png",
                "07_scaffolding/merqury/hifiasm-scaffolded-hifi_v1/hifiasm-scaffolded-hifi_v1_merqury.Drosophila_melanogaster_hifiasm-scaffolded-hifi_v1_scaffolds_final.qv",
                "07_scaffolding/merqury/hifiasm-scaffolded-hifi_v1/hifiasm-scaffolded-hifi_v1_merqury.Drosophila_melanogaster_hifiasm-scaffolded-hifi_v1_scaffolds_final.spectra-cn.fl.png",
                "07_scaffolding/merqury/hifiasm-scaffolded-hifi_v1/hifiasm-scaffolded-hifi_v1_merqury.Drosophila_melanogaster_hifiasm-scaffolded-hifi_v1_scaffolds_final.spectra-cn.hist",
                "07_scaffolding/merqury/hifiasm-scaffolded-hifi_v1/hifiasm-scaffolded-hifi_v1_merqury.Drosophila_melanogaster_hifiasm-scaffolded-hifi_v1_scaffolds_final.spectra-cn.ln.png",
                "07_scaffolding/merqury/hifiasm-scaffolded-hifi_v1/hifiasm-scaffolded-hifi_v1_merqury.Drosophila_melanogaster_hifiasm-scaffolded-hifi_v1_scaffolds_final.spectra-cn.st.png",
                "07_scaffolding/merqury/hifiasm-scaffolded-hifi_v1/hifiasm-scaffolded-hifi_v1_merqury.completeness.stats",
                "07_scaffolding/merqury/hifiasm-scaffolded-hifi_v1/hifiasm-scaffolded-hifi_v1_merqury.dist_only.hist",
                "07_scaffolding/merqury/hifiasm-scaffolded-hifi_v1/hifiasm-scaffolded-hifi_v1_merqury.qv",
                "07_scaffolding/merqury/hifiasm-scaffolded-hifi_v1/hifiasm-scaffolded-hifi_v1_merqury.spectra-asm.fl.png",
                "07_scaffolding/merqury/hifiasm-scaffolded-hifi_v1/hifiasm-scaffolded-hifi_v1_merqury.spectra-asm.hist",
                "07_scaffolding/merqury/hifiasm-scaffolded-hifi_v1/hifiasm-scaffolded-hifi_v1_merqury.spectra-asm.ln.png",
                "07_scaffolding/merqury/hifiasm-scaffolded-hifi_v1/hifiasm-scaffolded-hifi_v1_merqury.spectra-asm.st.png",
                "07_scaffolding/merqury/hifiasm-scaffolded-hifi_v1/hifiasm-scaffolded-hifi_v1_merqury.spectra-cn.fl.png",
                "07_scaffolding/merqury/hifiasm-scaffolded-hifi_v1/hifiasm-scaffolded-hifi_v1_merqury.spectra-cn.hist",
                "07_scaffolding/merqury/hifiasm-scaffolded-hifi_v1/hifiasm-scaffolded-hifi_v1_merqury.spectra-cn.ln.png",
                "07_scaffolding/merqury/hifiasm-scaffolded-hifi_v1/hifiasm-scaffolded-hifi_v1_merqury.spectra-cn.st.png",
                "07_scaffolding/merquryfk/hifiasm-scaffolded-hifi_v1/hifiasm-scaffolded-hifi_v1_merquryfk.Drosophila_melanogaster_hifiasm-purged-hifi_v1_hap0.hap_fold.qv",
                "07_scaffolding/merquryfk/hifiasm-scaffolded-hifi_v1/hifiasm-scaffolded-hifi_v1_merquryfk.Drosophila_melanogaster_hifiasm-purged-hifi_v1_hap0.hap_fold.spectra-cn.fl.png",
                "07_scaffolding/merquryfk/hifiasm-scaffolded-hifi_v1/hifiasm-scaffolded-hifi_v1_merquryfk.Drosophila_melanogaster_hifiasm-purged-hifi_v1_hap0.hap_fold.spectra-cn.ln.png",
                "07_scaffolding/merquryfk/hifiasm-scaffolded-hifi_v1/hifiasm-scaffolded-hifi_v1_merquryfk.Drosophila_melanogaster_hifiasm-purged-hifi_v1_hap0.hap_fold.spectra-cn.st.png",
                "07_scaffolding/merquryfk/hifiasm-scaffolded-hifi_v1/hifiasm-scaffolded-hifi_v1_merquryfk.Drosophila_melanogaster_hifiasm-purged-hifi_v1_hap0.hap_fold_only.bed",
                "07_scaffolding/merquryfk/hifiasm-scaffolded-hifi_v1/hifiasm-scaffolded-hifi_v1_merquryfk.Drosophila_melanogaster_hifiasm-scaffolded-hifi_v1_scaffolds_final.qv",
                "07_scaffolding/merquryfk/hifiasm-scaffolded-hifi_v1/hifiasm-scaffolded-hifi_v1_merquryfk.Drosophila_melanogaster_hifiasm-scaffolded-hifi_v1_scaffolds_final.spectra-cn.fl.png",
                "07_scaffolding/merquryfk/hifiasm-scaffolded-hifi_v1/hifiasm-scaffolded-hifi_v1_merquryfk.Drosophila_melanogaster_hifiasm-scaffolded-hifi_v1_scaffolds_final.spectra-cn.ln.png",
                "07_scaffolding/merquryfk/hifiasm-scaffolded-hifi_v1/hifiasm-scaffolded-hifi_v1_merquryfk.Drosophila_melanogaster_hifiasm-scaffolded-hifi_v1_scaffolds_final.spectra-cn.st.png",
                "07_scaffolding/merquryfk/hifiasm-scaffolded-hifi_v1/hifiasm-scaffolded-hifi_v1_merquryfk.Drosophila_melanogaster_hifiasm-scaffolded-hifi_v1_scaffolds_final_only.bed",
                "07_scaffolding/merquryfk/hifiasm-scaffolded-hifi_v1/hifiasm-scaffolded-hifi_v1_merquryfk.completeness.stats",
                "07_scaffolding/merquryfk/hifiasm-scaffolded-hifi_v1/hifiasm-scaffolded-hifi_v1_merquryfk.false_duplications.tsv",
                "07_scaffolding/merquryfk/hifiasm-scaffolded-hifi_v1/hifiasm-scaffolded-hifi_v1_merquryfk.qv",
                "07_scaffolding/merquryfk/hifiasm-scaffolded-hifi_v1/hifiasm-scaffolded-hifi_v1_merquryfk.spectra-asm.fl.png",
                "07_scaffolding/merquryfk/hifiasm-scaffolded-hifi_v1/hifiasm-scaffolded-hifi_v1_merquryfk.spectra-asm.ln.png",
                "07_scaffolding/merquryfk/hifiasm-scaffolded-hifi_v1/hifiasm-scaffolded-hifi_v1_merquryfk.spectra-asm.st.png",
                "07_scaffolding/merquryfk/hifiasm-scaffolded-hifi_v1/hifiasm-scaffolded-hifi_v1_merquryfk.spectra-cn.cni.gz",
                "07_scaffolding/merquryfk/hifiasm-scaffolded-hifi_v1/hifiasm-scaffolded-hifi_v1_merquryfk.spectra-cn.fl.png",
                "07_scaffolding/merquryfk/hifiasm-scaffolded-hifi_v1/hifiasm-scaffolded-hifi_v1_merquryfk.spectra-cn.ln.png",
                "07_scaffolding/merquryfk/hifiasm-scaffolded-hifi_v1/hifiasm-scaffolded-hifi_v1_merquryfk.spectra-cn.st.png",
                "07_scaffolding/pairtools/hifiasm-scaffolded-hifi_v1/Drosophila_melanogaster_hifiasm-scaffolded-hifi_v1_dedup.pairs.stat",
                "07_scaffolding/pairtools/hifiasm-scaffolded-hifi_v1/Drosophila_melanogaster_hifiasm-scaffolded-hifi_v1_dmel_2Mb_p1_1.fastp.pairsam.stat",
                "07_scaffolding/yahs/hifiasm-scaffolded-hifi_v1/Drosophila_melanogaster_hifiasm-scaffolded-hifi_v1.bin",
                "07_scaffolding/yahs/hifiasm-scaffolded-hifi_v1/Drosophila_melanogaster_hifiasm-scaffolded-hifi_v1_scaffolds_final.agp",
                "07_scaffolding/yahs/hifiasm-scaffolded-hifi_v1/Drosophila_melanogaster_hifiasm-scaffolded-hifi_v1_scaffolds_final.fa",
                "08_curation/higlass/hifiasm-curated-hifi_v1/Drosophila_melanogaster_hifiasm-curated-hifi_v1_dmel_2Mb_p1_1.fastp_filt5prime_comb_dupMarked.mcool",
                "08_curation/higlass/hifiasm-curated-hifi_v1/hifiasm-curated-hifi_v1_gaps.bedgraph.beddb",
                "08_curation/higlass/hifiasm-curated-hifi_v1/hifiasm-curated-hifi_v1_telomer.bw",
                "08_curation/pretext/hifiasm-curated-hifi_v1/hifiasm-curated-hifi_v1_wTracks.pretext",
                "10_report/assembly_report.html",
                "10_report/assembly_report.md",
                "10_report/multiqc-summary.html",
                "10_report/quast/Drosophila_melanogaster_quast_report.tsv",
                "10_report/quast/Drosophila_melanogaster_quast_report/basic_stats/Drosophila_melanogaster_hifiasm-purged-hifi_v1_hap0.purged_fold_GC_content_plot.pdf",
                "10_report/quast/Drosophila_melanogaster_quast_report/basic_stats/Drosophila_melanogaster_hifiasm-scaffolded-hifi_v1_scaffolds_final_GC_content_plot.pdf",
                "10_report/quast/Drosophila_melanogaster_quast_report/basic_stats/GC_content_plot.pdf",
                "10_report/quast/Drosophila_melanogaster_quast_report/basic_stats/Nx_plot.pdf",
                "10_report/quast/Drosophila_melanogaster_quast_report/basic_stats/cumulative_plot.pdf",
                "10_report/quast/Drosophila_melanogaster_quast_report/basic_stats/hifiasm-raw-hifi_v1.asm.bp.p_ctg_GC_content_plot.pdf",
                "10_report/quast/Drosophila_melanogaster_quast_report/icarus.html",
                "10_report/quast/Drosophila_melanogaster_quast_report/icarus_viewers/contig_size_viewer.html",
                "10_report/quast/Drosophila_melanogaster_quast_report/quast.log",
                "10_report/quast/Drosophila_melanogaster_quast_report/report.html",
                "10_report/quast/Drosophila_melanogaster_quast_report/report.pdf",
                "10_report/quast/Drosophila_melanogaster_quast_report/report.tex",
                "10_report/quast/Drosophila_melanogaster_quast_report/report.tsv",
                "10_report/quast/Drosophila_melanogaster_quast_report/report.txt",
                "10_report/quast/Drosophila_melanogaster_quast_report/transposed_report.tex",
                "10_report/quast/Drosophila_melanogaster_quast_report/transposed_report.tsv",
                "10_report/quast/Drosophila_melanogaster_quast_report/transposed_report.txt",
                "10_report/versions.yml"
            ]
        ],
        "meta": {
            "nf-test": "0.9.2",
            "nextflow": "25.04.8"
        },
        "timestamp": "2025-12-01T14:39:10.257134809"
    },
    "Tiny dataset - curation only": {
        "content": [
            16,
            [
                "01_read_inspection/dtol_search/7227_tol_info.json",
                "01_read_inspection/fastk/.Drosophila_melanogaster_dmel_2Mb.fasta_hifi_fk.ktab.1",
                "01_read_inspection/fastk/.Drosophila_melanogaster_dmel_2Mb.fasta_hifi_fk.ktab.10",
                "01_read_inspection/fastk/.Drosophila_melanogaster_dmel_2Mb.fasta_hifi_fk.ktab.2",
                "01_read_inspection/fastk/.Drosophila_melanogaster_dmel_2Mb.fasta_hifi_fk.ktab.3",
                "01_read_inspection/fastk/.Drosophila_melanogaster_dmel_2Mb.fasta_hifi_fk.ktab.4",
                "01_read_inspection/fastk/.Drosophila_melanogaster_dmel_2Mb.fasta_hifi_fk.ktab.5",
                "01_read_inspection/fastk/.Drosophila_melanogaster_dmel_2Mb.fasta_hifi_fk.ktab.6",
                "01_read_inspection/fastk/.Drosophila_melanogaster_dmel_2Mb.fasta_hifi_fk.ktab.7",
                "01_read_inspection/fastk/.Drosophila_melanogaster_dmel_2Mb.fasta_hifi_fk.ktab.8",
                "01_read_inspection/fastk/.Drosophila_melanogaster_dmel_2Mb.fasta_hifi_fk.ktab.9",
                "01_read_inspection/fastk/Drosophila_melanogaster_dmel_2Mb.fasta_hifi_fk.hist",
                "01_read_inspection/fastk/Drosophila_melanogaster_dmel_2Mb.fasta_hifi_fk.ktab",
                "01_read_inspection/goat/Drosophila_melanogaster.tsv",
                "08_curation/busco/hifiasm-curated-hifi_v1/hifiasm-curated-hifi_v1-bacteria_odb10-busco.batch_summary.txt",
                "08_curation/busco/hifiasm-curated-hifi_v1/short_summary.specific.bacteria_odb10.hifiasm-curated-hifi_v1.asm.bp.p_ctg.fasta.json",
                "08_curation/busco/hifiasm-curated-hifi_v1/short_summary.specific.bacteria_odb10.hifiasm-curated-hifi_v1.asm.bp.p_ctg.fasta.txt",
                "08_curation/gfastats/hifiasm-curated-hifi_v1/hifiasm-curated-hifi_v1.asm.bp.p_ctg.assembly_summary",
                "08_curation/merqury/hifiasm-curated-hifi_v1/Drosophila_melanogaster_hifi.unionsumdb.hist.ploidy",
                "08_curation/merqury/hifiasm-curated-hifi_v1/hifiasm-curated-hifi_v1.asm.bp.p_ctg_only.bed",
                "08_curation/merqury/hifiasm-curated-hifi_v1/hifiasm-curated-hifi_v1.asm.bp.p_ctg_only.wig",
                "08_curation/merqury/hifiasm-curated-hifi_v1/hifiasm-curated-hifi_v1_merqury.completeness.stats",
                "08_curation/merqury/hifiasm-curated-hifi_v1/hifiasm-curated-hifi_v1_merqury.dist_only.hist",
                "08_curation/merqury/hifiasm-curated-hifi_v1/hifiasm-curated-hifi_v1_merqury.hifiasm-curated-hifi_v1.asm.bp.p_ctg.qv",
                "08_curation/merqury/hifiasm-curated-hifi_v1/hifiasm-curated-hifi_v1_merqury.hifiasm-curated-hifi_v1.asm.bp.p_ctg.spectra-cn.fl.png",
                "08_curation/merqury/hifiasm-curated-hifi_v1/hifiasm-curated-hifi_v1_merqury.hifiasm-curated-hifi_v1.asm.bp.p_ctg.spectra-cn.hist",
                "08_curation/merqury/hifiasm-curated-hifi_v1/hifiasm-curated-hifi_v1_merqury.hifiasm-curated-hifi_v1.asm.bp.p_ctg.spectra-cn.ln.png",
                "08_curation/merqury/hifiasm-curated-hifi_v1/hifiasm-curated-hifi_v1_merqury.hifiasm-curated-hifi_v1.asm.bp.p_ctg.spectra-cn.st.png",
                "08_curation/merqury/hifiasm-curated-hifi_v1/hifiasm-curated-hifi_v1_merqury.qv",
                "08_curation/merqury/hifiasm-curated-hifi_v1/hifiasm-curated-hifi_v1_merqury.spectra-asm.fl.png",
                "08_curation/merqury/hifiasm-curated-hifi_v1/hifiasm-curated-hifi_v1_merqury.spectra-asm.hist",
                "08_curation/merqury/hifiasm-curated-hifi_v1/hifiasm-curated-hifi_v1_merqury.spectra-asm.ln.png",
                "08_curation/merqury/hifiasm-curated-hifi_v1/hifiasm-curated-hifi_v1_merqury.spectra-asm.st.png",
                "08_curation/merquryfk/hifiasm-curated-hifi_v1/hifiasm-curated-hifi_v1_merquryfk.completeness.stats",
                "08_curation/merquryfk/hifiasm-curated-hifi_v1/hifiasm-curated-hifi_v1_merquryfk.false_duplications.tsv",
                "08_curation/merquryfk/hifiasm-curated-hifi_v1/hifiasm-curated-hifi_v1_merquryfk.hifiasm-curated-hifi_v1.asm.bp.p_ctg.qv",
                "08_curation/merquryfk/hifiasm-curated-hifi_v1/hifiasm-curated-hifi_v1_merquryfk.hifiasm-curated-hifi_v1.asm.bp.p_ctg.spectra-cn.fl.png",
                "08_curation/merquryfk/hifiasm-curated-hifi_v1/hifiasm-curated-hifi_v1_merquryfk.hifiasm-curated-hifi_v1.asm.bp.p_ctg.spectra-cn.ln.png",
                "08_curation/merquryfk/hifiasm-curated-hifi_v1/hifiasm-curated-hifi_v1_merquryfk.hifiasm-curated-hifi_v1.asm.bp.p_ctg.spectra-cn.st.png",
                "08_curation/merquryfk/hifiasm-curated-hifi_v1/hifiasm-curated-hifi_v1_merquryfk.hifiasm-curated-hifi_v1.asm.bp.p_ctg_only.bed",
                "08_curation/merquryfk/hifiasm-curated-hifi_v1/hifiasm-curated-hifi_v1_merquryfk.qv",
                "08_curation/merquryfk/hifiasm-curated-hifi_v1/hifiasm-curated-hifi_v1_merquryfk.spectra-asm.fl.png",
                "08_curation/merquryfk/hifiasm-curated-hifi_v1/hifiasm-curated-hifi_v1_merquryfk.spectra-asm.ln.png",
                "08_curation/merquryfk/hifiasm-curated-hifi_v1/hifiasm-curated-hifi_v1_merquryfk.spectra-asm.st.png",
                "08_curation/merquryfk/hifiasm-curated-hifi_v1/hifiasm-curated-hifi_v1_merquryfk.spectra-cn.cni.gz",
                "10_report/assembly_report.html",
                "10_report/assembly_report.md",
                "10_report/multiqc-summary.html",
                "10_report/quast/Drosophila_melanogaster_quast_report.tsv",
                "10_report/quast/Drosophila_melanogaster_quast_report/basic_stats/GC_content_plot.pdf",
                "10_report/quast/Drosophila_melanogaster_quast_report/basic_stats/Nx_plot.pdf",
                "10_report/quast/Drosophila_melanogaster_quast_report/basic_stats/cumulative_plot.pdf",
                "10_report/quast/Drosophila_melanogaster_quast_report/basic_stats/hifiasm-curated-hifi_v1.asm.bp.p_ctg_GC_content_plot.pdf",
                "10_report/quast/Drosophila_melanogaster_quast_report/icarus.html",
                "10_report/quast/Drosophila_melanogaster_quast_report/icarus_viewers/contig_size_viewer.html",
                "10_report/quast/Drosophila_melanogaster_quast_report/quast.log",
                "10_report/quast/Drosophila_melanogaster_quast_report/report.html",
                "10_report/quast/Drosophila_melanogaster_quast_report/report.pdf",
                "10_report/quast/Drosophila_melanogaster_quast_report/report.tex",
                "10_report/quast/Drosophila_melanogaster_quast_report/report.tsv",
                "10_report/quast/Drosophila_melanogaster_quast_report/report.txt",
                "10_report/quast/Drosophila_melanogaster_quast_report/transposed_report.tex",
                "10_report/quast/Drosophila_melanogaster_quast_report/transposed_report.tsv",
                "10_report/quast/Drosophila_melanogaster_quast_report/transposed_report.txt",
                "10_report/versions.yml"
            ]
        ],
        "meta": {
            "nf-test": "0.9.2",
            "nextflow": "25.04.8"
        },
        "timestamp": "2025-11-18T12:47:55.842220013"
    },
    "Tiny dataset - scaffold,curate": {
        "content": [
            54,
            [
                "01_read_inspection/dtol_search/7227_tol_info.json",
                "01_read_inspection/fastk/.Drosophila_melanogaster_dmel_2Mb.fasta_hifi_fk.ktab.1",
                "01_read_inspection/fastk/.Drosophila_melanogaster_dmel_2Mb.fasta_hifi_fk.ktab.10",
                "01_read_inspection/fastk/.Drosophila_melanogaster_dmel_2Mb.fasta_hifi_fk.ktab.2",
                "01_read_inspection/fastk/.Drosophila_melanogaster_dmel_2Mb.fasta_hifi_fk.ktab.3",
                "01_read_inspection/fastk/.Drosophila_melanogaster_dmel_2Mb.fasta_hifi_fk.ktab.4",
                "01_read_inspection/fastk/.Drosophila_melanogaster_dmel_2Mb.fasta_hifi_fk.ktab.5",
                "01_read_inspection/fastk/.Drosophila_melanogaster_dmel_2Mb.fasta_hifi_fk.ktab.6",
                "01_read_inspection/fastk/.Drosophila_melanogaster_dmel_2Mb.fasta_hifi_fk.ktab.7",
                "01_read_inspection/fastk/.Drosophila_melanogaster_dmel_2Mb.fasta_hifi_fk.ktab.8",
                "01_read_inspection/fastk/.Drosophila_melanogaster_dmel_2Mb.fasta_hifi_fk.ktab.9",
                "01_read_inspection/fastk/.Drosophila_melanogaster_dmel_2Mb_p1_1.fastp.fastq_hic_fk.ktab.1",
                "01_read_inspection/fastk/.Drosophila_melanogaster_dmel_2Mb_p1_1.fastp.fastq_hic_fk.ktab.10",
                "01_read_inspection/fastk/.Drosophila_melanogaster_dmel_2Mb_p1_1.fastp.fastq_hic_fk.ktab.2",
                "01_read_inspection/fastk/.Drosophila_melanogaster_dmel_2Mb_p1_1.fastp.fastq_hic_fk.ktab.3",
                "01_read_inspection/fastk/.Drosophila_melanogaster_dmel_2Mb_p1_1.fastp.fastq_hic_fk.ktab.4",
                "01_read_inspection/fastk/.Drosophila_melanogaster_dmel_2Mb_p1_1.fastp.fastq_hic_fk.ktab.5",
                "01_read_inspection/fastk/.Drosophila_melanogaster_dmel_2Mb_p1_1.fastp.fastq_hic_fk.ktab.6",
                "01_read_inspection/fastk/.Drosophila_melanogaster_dmel_2Mb_p1_1.fastp.fastq_hic_fk.ktab.7",
                "01_read_inspection/fastk/.Drosophila_melanogaster_dmel_2Mb_p1_1.fastp.fastq_hic_fk.ktab.8",
                "01_read_inspection/fastk/.Drosophila_melanogaster_dmel_2Mb_p1_1.fastp.fastq_hic_fk.ktab.9",
                "01_read_inspection/fastk/Drosophila_melanogaster_dmel_2Mb.fasta_hifi_fk.hist",
                "01_read_inspection/fastk/Drosophila_melanogaster_dmel_2Mb.fasta_hifi_fk.ktab",
                "01_read_inspection/fastk/Drosophila_melanogaster_dmel_2Mb_p1_1.fastp.fastq_hic_fk.hist",
                "01_read_inspection/fastk/Drosophila_melanogaster_dmel_2Mb_p1_1.fastp.fastq_hic_fk.ktab",
                "02_read_preprocessing/hi-c_cram/dmel_2Mb_p1.cram",
                "02_read_preprocessing/hi-c_cram/dmel_2Mb_p1.cram.crai",
                "03_assembly/busco/hifiasm-raw-hifi_v1/hifiasm-raw-hifi_v1-bacteria_odb10-busco.batch_summary.txt",
                "03_assembly/busco/hifiasm-raw-hifi_v1/short_summary.specific.bacteria_odb10.hifiasm-raw-hifi_v1.asm.bp.p_ctg.fasta.json",
                "03_assembly/busco/hifiasm-raw-hifi_v1/short_summary.specific.bacteria_odb10.hifiasm-raw-hifi_v1.asm.bp.p_ctg.fasta.txt",
                "03_assembly/gfastats/hifiasm-raw-hifi_v1/hifiasm-raw-hifi_v1.asm.bp.p_ctg.assembly_summary",
                "03_assembly/merqury/hifiasm-raw-hifi_v1/Drosophila_melanogaster_hifi.unionsumdb.hist.ploidy",
                "03_assembly/merqury/hifiasm-raw-hifi_v1/hifiasm-raw-hifi_v1.asm.bp.p_ctg_only.bed",
                "03_assembly/merqury/hifiasm-raw-hifi_v1/hifiasm-raw-hifi_v1.asm.bp.p_ctg_only.wig",
                "03_assembly/merqury/hifiasm-raw-hifi_v1/hifiasm-raw-hifi_v1_merqury.completeness.stats",
                "03_assembly/merqury/hifiasm-raw-hifi_v1/hifiasm-raw-hifi_v1_merqury.dist_only.hist",
                "03_assembly/merqury/hifiasm-raw-hifi_v1/hifiasm-raw-hifi_v1_merqury.hifiasm-raw-hifi_v1.asm.bp.p_ctg.qv",
                "03_assembly/merqury/hifiasm-raw-hifi_v1/hifiasm-raw-hifi_v1_merqury.hifiasm-raw-hifi_v1.asm.bp.p_ctg.spectra-cn.fl.png",
                "03_assembly/merqury/hifiasm-raw-hifi_v1/hifiasm-raw-hifi_v1_merqury.hifiasm-raw-hifi_v1.asm.bp.p_ctg.spectra-cn.hist",
                "03_assembly/merqury/hifiasm-raw-hifi_v1/hifiasm-raw-hifi_v1_merqury.hifiasm-raw-hifi_v1.asm.bp.p_ctg.spectra-cn.ln.png",
                "03_assembly/merqury/hifiasm-raw-hifi_v1/hifiasm-raw-hifi_v1_merqury.hifiasm-raw-hifi_v1.asm.bp.p_ctg.spectra-cn.st.png",
                "03_assembly/merqury/hifiasm-raw-hifi_v1/hifiasm-raw-hifi_v1_merqury.qv",
                "03_assembly/merqury/hifiasm-raw-hifi_v1/hifiasm-raw-hifi_v1_merqury.spectra-asm.fl.png",
                "03_assembly/merqury/hifiasm-raw-hifi_v1/hifiasm-raw-hifi_v1_merqury.spectra-asm.hist",
                "03_assembly/merqury/hifiasm-raw-hifi_v1/hifiasm-raw-hifi_v1_merqury.spectra-asm.ln.png",
                "03_assembly/merqury/hifiasm-raw-hifi_v1/hifiasm-raw-hifi_v1_merqury.spectra-asm.st.png",
                "03_assembly/merquryfk/hifiasm-raw-hifi_v1/hifiasm-raw-hifi_v1_merquryfk.completeness.stats",
                "03_assembly/merquryfk/hifiasm-raw-hifi_v1/hifiasm-raw-hifi_v1_merquryfk.false_duplications.tsv",
                "03_assembly/merquryfk/hifiasm-raw-hifi_v1/hifiasm-raw-hifi_v1_merquryfk.hifiasm-raw-hifi_v1.asm.bp.p_ctg.qv",
                "03_assembly/merquryfk/hifiasm-raw-hifi_v1/hifiasm-raw-hifi_v1_merquryfk.hifiasm-raw-hifi_v1.asm.bp.p_ctg.spectra-cn.fl.png",
                "03_assembly/merquryfk/hifiasm-raw-hifi_v1/hifiasm-raw-hifi_v1_merquryfk.hifiasm-raw-hifi_v1.asm.bp.p_ctg.spectra-cn.ln.png",
                "03_assembly/merquryfk/hifiasm-raw-hifi_v1/hifiasm-raw-hifi_v1_merquryfk.hifiasm-raw-hifi_v1.asm.bp.p_ctg.spectra-cn.st.png",
                "03_assembly/merquryfk/hifiasm-raw-hifi_v1/hifiasm-raw-hifi_v1_merquryfk.hifiasm-raw-hifi_v1.asm.bp.p_ctg_only.bed",
                "03_assembly/merquryfk/hifiasm-raw-hifi_v1/hifiasm-raw-hifi_v1_merquryfk.qv",
                "03_assembly/merquryfk/hifiasm-raw-hifi_v1/hifiasm-raw-hifi_v1_merquryfk.spectra-asm.fl.png",
                "03_assembly/merquryfk/hifiasm-raw-hifi_v1/hifiasm-raw-hifi_v1_merquryfk.spectra-asm.ln.png",
                "03_assembly/merquryfk/hifiasm-raw-hifi_v1/hifiasm-raw-hifi_v1_merquryfk.spectra-asm.st.png",
                "03_assembly/merquryfk/hifiasm-raw-hifi_v1/hifiasm-raw-hifi_v1_merquryfk.spectra-cn.cni.gz",
                "07_scaffolding/busco/hifiasm-scaffolded-hifi_v1/hifiasm-scaffolded-hifi_v1-bacteria_odb10-busco.batch_summary.txt",
                "07_scaffolding/busco/hifiasm-scaffolded-hifi_v1/short_summary.specific.bacteria_odb10.Drosophila_melanogaster_hifiasm-scaffolded-hifi_v1_scaffolds_final.fa.json",
                "07_scaffolding/busco/hifiasm-scaffolded-hifi_v1/short_summary.specific.bacteria_odb10.Drosophila_melanogaster_hifiasm-scaffolded-hifi_v1_scaffolds_final.fa.txt",
                "07_scaffolding/gfastats/hifiasm-scaffolded-hifi_v1/Drosophila_melanogaster_hifiasm-scaffolded-hifi_v1_scaffolds_final.assembly_summary",
                "07_scaffolding/merqury/hifiasm-scaffolded-hifi_v1/Drosophila_melanogaster_hifi.unionsumdb.hist.ploidy",
                "07_scaffolding/merqury/hifiasm-scaffolded-hifi_v1/Drosophila_melanogaster_hifiasm-scaffolded-hifi_v1_scaffolds_final_only.bed",
                "07_scaffolding/merqury/hifiasm-scaffolded-hifi_v1/Drosophila_melanogaster_hifiasm-scaffolded-hifi_v1_scaffolds_final_only.wig",
                "07_scaffolding/merqury/hifiasm-scaffolded-hifi_v1/hifiasm-scaffolded-hifi_v1_merqury.Drosophila_melanogaster_hifiasm-scaffolded-hifi_v1_scaffolds_final.qv",
                "07_scaffolding/merqury/hifiasm-scaffolded-hifi_v1/hifiasm-scaffolded-hifi_v1_merqury.Drosophila_melanogaster_hifiasm-scaffolded-hifi_v1_scaffolds_final.spectra-cn.fl.png",
                "07_scaffolding/merqury/hifiasm-scaffolded-hifi_v1/hifiasm-scaffolded-hifi_v1_merqury.Drosophila_melanogaster_hifiasm-scaffolded-hifi_v1_scaffolds_final.spectra-cn.hist",
                "07_scaffolding/merqury/hifiasm-scaffolded-hifi_v1/hifiasm-scaffolded-hifi_v1_merqury.Drosophila_melanogaster_hifiasm-scaffolded-hifi_v1_scaffolds_final.spectra-cn.ln.png",
                "07_scaffolding/merqury/hifiasm-scaffolded-hifi_v1/hifiasm-scaffolded-hifi_v1_merqury.Drosophila_melanogaster_hifiasm-scaffolded-hifi_v1_scaffolds_final.spectra-cn.st.png",
                "07_scaffolding/merqury/hifiasm-scaffolded-hifi_v1/hifiasm-scaffolded-hifi_v1_merqury.completeness.stats",
                "07_scaffolding/merqury/hifiasm-scaffolded-hifi_v1/hifiasm-scaffolded-hifi_v1_merqury.dist_only.hist",
                "07_scaffolding/merqury/hifiasm-scaffolded-hifi_v1/hifiasm-scaffolded-hifi_v1_merqury.qv",
                "07_scaffolding/merqury/hifiasm-scaffolded-hifi_v1/hifiasm-scaffolded-hifi_v1_merqury.spectra-asm.fl.png",
                "07_scaffolding/merqury/hifiasm-scaffolded-hifi_v1/hifiasm-scaffolded-hifi_v1_merqury.spectra-asm.hist",
                "07_scaffolding/merqury/hifiasm-scaffolded-hifi_v1/hifiasm-scaffolded-hifi_v1_merqury.spectra-asm.ln.png",
                "07_scaffolding/merqury/hifiasm-scaffolded-hifi_v1/hifiasm-scaffolded-hifi_v1_merqury.spectra-asm.st.png",
                "07_scaffolding/merquryfk/hifiasm-scaffolded-hifi_v1/hifiasm-scaffolded-hifi_v1_merquryfk.Drosophila_melanogaster_hifiasm-scaffolded-hifi_v1_scaffolds_final.qv",
                "07_scaffolding/merquryfk/hifiasm-scaffolded-hifi_v1/hifiasm-scaffolded-hifi_v1_merquryfk.Drosophila_melanogaster_hifiasm-scaffolded-hifi_v1_scaffolds_final.spectra-cn.fl.png",
                "07_scaffolding/merquryfk/hifiasm-scaffolded-hifi_v1/hifiasm-scaffolded-hifi_v1_merquryfk.Drosophila_melanogaster_hifiasm-scaffolded-hifi_v1_scaffolds_final.spectra-cn.ln.png",
                "07_scaffolding/merquryfk/hifiasm-scaffolded-hifi_v1/hifiasm-scaffolded-hifi_v1_merquryfk.Drosophila_melanogaster_hifiasm-scaffolded-hifi_v1_scaffolds_final.spectra-cn.st.png",
                "07_scaffolding/merquryfk/hifiasm-scaffolded-hifi_v1/hifiasm-scaffolded-hifi_v1_merquryfk.Drosophila_melanogaster_hifiasm-scaffolded-hifi_v1_scaffolds_final_only.bed",
                "07_scaffolding/merquryfk/hifiasm-scaffolded-hifi_v1/hifiasm-scaffolded-hifi_v1_merquryfk.completeness.stats",
                "07_scaffolding/merquryfk/hifiasm-scaffolded-hifi_v1/hifiasm-scaffolded-hifi_v1_merquryfk.false_duplications.tsv",
                "07_scaffolding/merquryfk/hifiasm-scaffolded-hifi_v1/hifiasm-scaffolded-hifi_v1_merquryfk.qv",
                "07_scaffolding/merquryfk/hifiasm-scaffolded-hifi_v1/hifiasm-scaffolded-hifi_v1_merquryfk.spectra-asm.fl.png",
                "07_scaffolding/merquryfk/hifiasm-scaffolded-hifi_v1/hifiasm-scaffolded-hifi_v1_merquryfk.spectra-asm.ln.png",
                "07_scaffolding/merquryfk/hifiasm-scaffolded-hifi_v1/hifiasm-scaffolded-hifi_v1_merquryfk.spectra-asm.st.png",
                "07_scaffolding/merquryfk/hifiasm-scaffolded-hifi_v1/hifiasm-scaffolded-hifi_v1_merquryfk.spectra-cn.cni.gz",
                "07_scaffolding/pairtools/hifiasm-scaffolded-hifi_v1/Drosophila_melanogaster_hifiasm-scaffolded-hifi_v1_dedup.pairs.stat",
                "07_scaffolding/pairtools/hifiasm-scaffolded-hifi_v1/Drosophila_melanogaster_hifiasm-scaffolded-hifi_v1_dmel_2Mb_p1_1.fastp.pairsam.stat",
                "07_scaffolding/yahs/hifiasm-scaffolded-hifi_v1/Drosophila_melanogaster_hifiasm-scaffolded-hifi_v1.bin",
                "07_scaffolding/yahs/hifiasm-scaffolded-hifi_v1/Drosophila_melanogaster_hifiasm-scaffolded-hifi_v1_scaffolds_final.agp",
                "07_scaffolding/yahs/hifiasm-scaffolded-hifi_v1/Drosophila_melanogaster_hifiasm-scaffolded-hifi_v1_scaffolds_final.fa",
                "08_curation/higlass/hifiasm-curated-hifi_v1/Drosophila_melanogaster_hifiasm-curated-hifi_v1_dmel_2Mb_p1_1.fastp_filt5prime_comb_dupMarked.mcool",
                "08_curation/higlass/hifiasm-curated-hifi_v1/hifiasm-curated-hifi_v1_gaps.bedgraph.beddb",
                "08_curation/higlass/hifiasm-curated-hifi_v1/hifiasm-curated-hifi_v1_telomer.bw",
                "08_curation/pretext/hifiasm-curated-hifi_v1/hifiasm-curated-hifi_v1_wTracks.pretext",
                "10_report/assembly_report.html",
                "10_report/assembly_report.md",
                "10_report/multiqc-summary.html",
                "10_report/quast/Drosophila_melanogaster_quast_report.tsv",
                "10_report/quast/Drosophila_melanogaster_quast_report/basic_stats/Drosophila_melanogaster_hifiasm-scaffolded-hifi_v1_scaffolds_final_GC_content_plot.pdf",
                "10_report/quast/Drosophila_melanogaster_quast_report/basic_stats/GC_content_plot.pdf",
                "10_report/quast/Drosophila_melanogaster_quast_report/basic_stats/Nx_plot.pdf",
                "10_report/quast/Drosophila_melanogaster_quast_report/basic_stats/cumulative_plot.pdf",
                "10_report/quast/Drosophila_melanogaster_quast_report/basic_stats/hifiasm-raw-hifi_v1.asm.bp.p_ctg_GC_content_plot.pdf",
                "10_report/quast/Drosophila_melanogaster_quast_report/icarus.html",
                "10_report/quast/Drosophila_melanogaster_quast_report/icarus_viewers/contig_size_viewer.html",
                "10_report/quast/Drosophila_melanogaster_quast_report/quast.log",
                "10_report/quast/Drosophila_melanogaster_quast_report/report.html",
                "10_report/quast/Drosophila_melanogaster_quast_report/report.pdf",
                "10_report/quast/Drosophila_melanogaster_quast_report/report.tex",
                "10_report/quast/Drosophila_melanogaster_quast_report/report.tsv",
                "10_report/quast/Drosophila_melanogaster_quast_report/report.txt",
                "10_report/quast/Drosophila_melanogaster_quast_report/transposed_report.tex",
                "10_report/quast/Drosophila_melanogaster_quast_report/transposed_report.tsv",
                "10_report/quast/Drosophila_melanogaster_quast_report/transposed_report.txt",
                "10_report/versions.yml"
            ]
        ],
        "meta": {
            "nf-test": "0.9.2",
            "nextflow": "25.04.8"
        },
        "timestamp": "2025-12-01T14:47:21.92613679"
    }
}